<html>
<body>
<pre>
<h1>µVision Build Log</h1>
<h2>Project:</h2>
D:\zoroe\GEC_FLY_v1.0\GEC_FLY_v1.0\USER\GEC_FLY.uvproj
Project File Date:  05/26/2018

<h2>Output:</h2>
Rebuild target 'GEC_FLY'
compiling main.c...
compiling stm32f10x_it.c...
compiling adc_dma.c...
compiling eeprom.c...
compiling IOI2C.c...
compiling Motor.c...
compiling MPU6050.c...
compiling NRF24l01.c...
compiling Spi.c...
compiling USART.c...
compiling misc.c...
compiling stm32f10x_adc.c...
compiling stm32f10x_bkp.c...
compiling stm32f10x_can.c...
compiling stm32f10x_cec.c...
compiling stm32f10x_crc.c...
compiling stm32f10x_dac.c...
compiling stm32f10x_dbgmcu.c...
compiling stm32f10x_dma.c...
compiling stm32f10x_exti.c...
compiling stm32f10x_flash.c...
compiling stm32f10x_fsmc.c...
compiling stm32f10x_gpio.c...
compiling stm32f10x_i2c.c...
compiling stm32f10x_iwdg.c...
compiling stm32f10x_pwr.c...
compiling stm32f10x_rcc.c...
compiling stm32f10x_rtc.c...
compiling stm32f10x_sdio.c...
compiling stm32f10x_spi.c...
compiling stm32f10x_tim.c...
compiling stm32f10x_usart.c...
compiling stm32f10x_wwdg.c...
compiling controller.c...
compiling delay.c...
compiling filter.c...
compiling func.c...
compiling imu.c...
compiling pid.c...
compiling configer.c...
compiling motorcontroller.c...
compiling My_Uart.c...
compiling wifi.c...
compiling core_cm3.c...
compiling system_stm32f10x.c...
assembling startup_stm32f10x_md.s...
linking...
Program Size: Code=22996 RO-data=300 RW-data=252 ZI-data=3900  
FromELF: creating hex file...
"..\OBJ\GEC_FLY.axf" - 0 Errors, 0 Warning(s).
