Component: ARM Compiler 5.06 update 6 (build 750) Tool: armlink [4d35ed]

==============================================================================

Section Cross References

    main.o(i.main) refers to system_stm32f10x.o(i.SystemInit) for SystemInit
    main.o(i.main) refers to configer.o(i.RCC_Configuration) for RCC_Configuration
    main.o(i.main) refers to configer.o(i.NVIC_Configuration) for NVIC_Configuration
    main.o(i.main) refers to configer.o(i.GPIO_Configuration) for GPIO_Configuration
    main.o(i.main) refers to usart.o(i.USART1_Configuration) for USART1_Configuration
    main.o(i.main) refers to usart.o(i.uart2_init) for uart2_init
    main.o(i.main) refers to delay.o(i.cycleCounterInit) for cycleCounterInit
    main.o(i.main) refers to configer.o(i.LED_Controls) for LED_Controls
    main.o(i.main) refers to filter.o(i.FilterInit) for FilterInit
    main.o(i.main) refers to controller.o(i.controllerInit) for controllerInit
    main.o(i.main) refers to stm32f10x_flash.o(i.FLASH_Unlock) for FLASH_Unlock
    main.o(i.main) refers to eeprom.o(i.EE_Init) for EE_Init
    main.o(i.main) refers to func.o(i.EE_Read_ACC_GYRO_Offset) for EE_Read_ACC_GYRO_Offset
    main.o(i.main) refers to controller.o(i.PIDINIT) for PIDINIT
    main.o(i.main) refers to func.o(i.EE_Read_PID) for EE_Read_PID
    main.o(i.main) refers to func.o(i.EE_Read_Rate_PID) for EE_Read_Rate_PID
    main.o(i.main) refers to adc_dma.o(i.ADC_DMA_Init) for ADC_DMA_Init
    main.o(i.main) refers to ioi2c.o(i.IIC_Init) for IIC_Init
    main.o(i.main) refers to mpu6050.o(i.MPU6050_initialize) for MPU6050_initialize
    main.o(i.main) refers to motorcontroller.o(i.motorcontorller_init) for motorcontorller_init
    main.o(i.main) refers to system_stm32f10x.o(.data) for SystemCoreClock
    stm32f10x_it.o(i.SysTick_Handler) refers to delay.o(.data) for ticktack
    adc_dma.o(i.ADC_DMA_Init) refers to stm32f10x_rcc.o(i.RCC_AHBPeriphClockCmd) for RCC_AHBPeriphClockCmd
    adc_dma.o(i.ADC_DMA_Init) refers to stm32f10x_rcc.o(i.RCC_APB2PeriphClockCmd) for RCC_APB2PeriphClockCmd
    adc_dma.o(i.ADC_DMA_Init) refers to stm32f10x_gpio.o(i.GPIO_Init) for GPIO_Init
    adc_dma.o(i.ADC_DMA_Init) refers to stm32f10x_dma.o(i.DMA_DeInit) for DMA_DeInit
    adc_dma.o(i.ADC_DMA_Init) refers to stm32f10x_dma.o(i.DMA_Init) for DMA_Init
    adc_dma.o(i.ADC_DMA_Init) refers to stm32f10x_dma.o(i.DMA_Cmd) for DMA_Cmd
    adc_dma.o(i.ADC_DMA_Init) refers to stm32f10x_adc.o(i.ADC_Init) for ADC_Init
    adc_dma.o(i.ADC_DMA_Init) refers to stm32f10x_adc.o(i.ADC_RegularChannelConfig) for ADC_RegularChannelConfig
    adc_dma.o(i.ADC_DMA_Init) refers to stm32f10x_adc.o(i.ADC_DMACmd) for ADC_DMACmd
    adc_dma.o(i.ADC_DMA_Init) refers to stm32f10x_adc.o(i.ADC_Cmd) for ADC_Cmd
    adc_dma.o(i.ADC_DMA_Init) refers to stm32f10x_adc.o(i.ADC_ResetCalibration) for ADC_ResetCalibration
    adc_dma.o(i.ADC_DMA_Init) refers to stm32f10x_adc.o(i.ADC_GetResetCalibrationStatus) for ADC_GetResetCalibrationStatus
    adc_dma.o(i.ADC_DMA_Init) refers to stm32f10x_adc.o(i.ADC_StartCalibration) for ADC_StartCalibration
    adc_dma.o(i.ADC_DMA_Init) refers to stm32f10x_adc.o(i.ADC_GetCalibrationStatus) for ADC_GetCalibrationStatus
    adc_dma.o(i.ADC_DMA_Init) refers to stm32f10x_adc.o(i.ADC_SoftwareStartConvCmd) for ADC_SoftwareStartConvCmd
    adc_dma.o(i.ADC_DMA_Init) refers to adc_dma.o(.bss) for ADC_Value
    adc_dma.o(i.GetADCValue) refers to adc_dma.o(.bss) for ADC_Value
    eeprom.o(i.EE_Format) refers to stm32f10x_flash.o(i.FLASH_ErasePage) for FLASH_ErasePage
    eeprom.o(i.EE_Format) refers to stm32f10x_flash.o(i.FLASH_ProgramHalfWord) for FLASH_ProgramHalfWord
    eeprom.o(i.EE_Init) refers to stm32f10x_flash.o(i.FLASH_ErasePage) for FLASH_ErasePage
    eeprom.o(i.EE_Init) refers to stm32f10x_flash.o(i.FLASH_ProgramHalfWord) for FLASH_ProgramHalfWord
    eeprom.o(i.EE_Init) refers to eeprom.o(i.EE_Format) for EE_Format
    eeprom.o(i.EE_Init) refers to eeprom.o(i.EE_ReadVariable) for EE_ReadVariable
    eeprom.o(i.EE_Init) refers to eeprom.o(i.EE_VerifyPageFullWriteVariable) for EE_VerifyPageFullWriteVariable
    eeprom.o(i.EE_Init) refers to func.o(.data) for VirtAddVarTab
    eeprom.o(i.EE_Init) refers to eeprom.o(.data) for DataVar
    eeprom.o(i.EE_PageTransfer) refers to eeprom.o(i.EE_FindValidPage) for EE_FindValidPage
    eeprom.o(i.EE_PageTransfer) refers to stm32f10x_flash.o(i.FLASH_ProgramHalfWord) for FLASH_ProgramHalfWord
    eeprom.o(i.EE_PageTransfer) refers to eeprom.o(i.EE_VerifyPageFullWriteVariable) for EE_VerifyPageFullWriteVariable
    eeprom.o(i.EE_PageTransfer) refers to eeprom.o(i.EE_ReadVariable) for EE_ReadVariable
    eeprom.o(i.EE_PageTransfer) refers to stm32f10x_flash.o(i.FLASH_ErasePage) for FLASH_ErasePage
    eeprom.o(i.EE_PageTransfer) refers to func.o(.data) for VirtAddVarTab
    eeprom.o(i.EE_PageTransfer) refers to eeprom.o(.data) for DataVar
    eeprom.o(i.EE_ReadVariable) refers to eeprom.o(i.EE_FindValidPage) for EE_FindValidPage
[...]
    i.TIM_OC3PreloadConfig                   0x080030e0   Section        0  stm32f10x_tim.o(i.TIM_OC3PreloadConfig)
    i.TIM_OC4Init                            0x080030f4   Section        0  stm32f10x_tim.o(i.TIM_OC4Init)
    i.TIM_OC4PreloadConfig                   0x08003170   Section        0  stm32f10x_tim.o(i.TIM_OC4PreloadConfig)
    i.TIM_TimeBaseInit                       0x0800318c   Section        0  stm32f10x_tim.o(i.TIM_TimeBaseInit)
    i.USART1_Configuration                   0x08003230   Section        0  usart.o(i.USART1_Configuration)
    i.USART1_IRQHandler                      0x080032ac   Section        0  wifi.o(i.USART1_IRQHandler)
    i.USART2_IRQHandler                      0x08003344   Section        0  wifi.o(i.USART2_IRQHandler)
    i.USART_ClearFlag                        0x080033ec   Section        0  stm32f10x_usart.o(i.USART_ClearFlag)
    i.USART_Cmd                              0x080033fe   Section        0  stm32f10x_usart.o(i.USART_Cmd)
    i.USART_GetFlagStatus                    0x08003416   Section        0  stm32f10x_usart.o(i.USART_GetFlagStatus)
    i.USART_ITConfig                         0x08003430   Section        0  stm32f10x_usart.o(i.USART_ITConfig)
    i.USART_Init                             0x0800347c   Section        0  stm32f10x_usart.o(i.USART_Init)
    i.USART_OUT                              0x08003554   Section        0  usart.o(i.USART_OUT)
    i.USART_OUT1                             0x0800357e   Section        0  usart.o(i.USART_OUT1)
    i.USART_SendData                         0x080035ac   Section        0  stm32f10x_usart.o(i.USART_SendData)
    i.UsageFault_Handler                     0x080035b4   Section        0  stm32f10x_it.o(i.UsageFault_Handler)
    i.WIFI_SendData                          0x080035b8   Section        0  wifi.o(i.WIFI_SendData)
    i.Wifi_handle                            0x080035e0   Section        0  wifi.o(i.Wifi_handle)
    i.__ARM_fpclassifyf                      0x08003624   Section        0  fpclassifyf.o(i.__ARM_fpclassifyf)
    i.__mathlib_flt_infnan                   0x0800364a   Section        0  funder.o(i.__mathlib_flt_infnan)
    i.__mathlib_flt_infnan2                  0x08003650   Section        0  funder.o(i.__mathlib_flt_infnan2)
    i.__mathlib_flt_invalid                  0x08003654   Section        0  funder.o(i.__mathlib_flt_invalid)
    i.__mathlib_flt_underflow                0x0800365c   Section        0  funder.o(i.__mathlib_flt_underflow)
    i.__mathlib_rredf2                       0x08003668   Section        0  rredf.o(i.__mathlib_rredf2)
    i.atan2f                                 0x080037d0   Section        0  atan2f.o(i.atan2f)
    i.controllerCorrectAttitudePID           0x08003a2c   Section        0  controller.o(i.controllerCorrectAttitudePID)
    i.controllerCorrectRatePID               0x08003af4   Section        0  controller.o(i.controllerCorrectRatePID)
    i.controllerInit                         0x08003bb4   Section        0  controller.o(i.controllerInit)
    i.cosf                                   0x08003cd8   Section        0  cosf.o(i.cosf)
    i.cycleCounterInit                       0x08003e54   Section        0  delay.o(i.cycleCounterInit)
    i.degrees                                0x08003e78   Section        0  filter.o(i.degrees)
    i.delay_ms                               0x08003e8c   Section        0  delay.o(i.delay_ms)
    i.delay_us                               0x08003eae   Section        0  delay.o(i.delay_us)
    i.distributePower                        0x08003ecc   Section        0  controller.o(i.distributePower)
    distributePower                          0x08003ecd   Thumb Code    96  controller.o(i.distributePower)
    i.from_euler                             0x08003f3c   Section        0  filter.o(i.from_euler)
    i.get_rollpitch                          0x08004174   Section        0  filter.o(i.get_rollpitch)
    i.iirLPFilterSingle                      0x080041cc   Section        0  filter.o(i.iirLPFilterSingle)
    i.imuAccIIRLPFilter                      0x080041fe   Section        0  filter.o(i.imuAccIIRLPFilter)
    i.main                                   0x08004238   Section        0  main.o(i.main)
    i.motorcontorller_init                   0x080042f0   Section        0  motorcontroller.o(i.motorcontorller_init)
    i.pidInit                                0x08004500   Section        0  pid.o(i.pidInit)
    i.pidSetDesired                          0x0800451c   Section        0  pid.o(i.pidSetDesired)
    i.pidSetError                            0x08004520   Section        0  pid.o(i.pidSetError)
    i.pidSetIntegralLimit                    0x08004524   Section        0  pid.o(i.pidSetIntegralLimit)
    i.pidSetIntegralLimitLow                 0x08004528   Section        0  pid.o(i.pidSetIntegralLimitLow)
    i.pidUpdate                              0x0800452c   Section        0  pid.o(i.pidUpdate)
    i.sinf                                   0x080045cc   Section        0  sinf.o(i.sinf)
    i.sqrtf                                  0x08004754   Section        0  sqrtf.o(i.sqrtf)
    i.uart2_init                             0x08004780   Section        0  usart.o(i.uart2_init)
    x$fpl$d2f                                0x0800482c   Section       98  d2f.o(x$fpl$d2f)
    x$fpl$dadd                               0x08004890   Section      336  daddsub_clz.o(x$fpl$dadd)
    _dadd1                                   0x080048a1   Thumb Code     0  daddsub_clz.o(x$fpl$dadd)
    x$fpl$dcmpinf                            0x080049e0   Section       24  dcmpi.o(x$fpl$dcmpinf)
    x$fpl$ddiv                               0x080049f8   Section      688  ddiv.o(x$fpl$ddiv)
    ddiv_entry                               0x080049ff   Thumb Code     0  ddiv.o(x$fpl$ddiv)
    x$fpl$dfix                               0x08004ca8   Section       94  dfix.o(x$fpl$dfix)
    x$fpl$dfixu                              0x08004d08   Section       90  dfixu.o(x$fpl$dfixu)
    x$fpl$dflt                               0x08004d62   Section       46  dflt_clz.o(x$fpl$dflt)
    x$fpl$dfltu                              0x08004d90   Section       38  dflt_clz.o(x$fpl$dfltu)
    x$fpl$dleqf                              0x08004db8   Section      120  dleqf.o(x$fpl$dleqf)
    x$fpl$dmul                               0x08004e30   Section      340  dmul.o(x$fpl$dmul)
    x$fpl$dnaninf                            0x08004f84   Section      156  dnaninf.o(x$fpl$dnaninf)
    x$fpl$dretinf                            0x08005020   Section       12  dretinf.o(x$fpl$dretinf)
    x$fpl$drleqf                             0x0800502c   Section      108  drleqf.o(x$fpl$drleqf)
    x$fpl$dsub                               0x08005098   Section      468  daddsub_clz.o(x$fpl$dsub)
    _dsub1                                   0x080050a9   Thumb Code     0  daddsub_clz.o(x$fpl$dsub)
    x$fpl$f2d                                0x0800526c   Section       86  f2d.o(x$fpl$f2d)
    x$fpl$fadd                               0x080052c4   Section      196  faddsub_clz.o(x$fpl$fadd)
    _fadd1                                   0x080052d3   Thumb Code     0  faddsub_clz.o(x$fpl$fadd)
    x$fpl$fcheck1                            0x08005388   Section       12  fcheck1.o(x$fpl$fcheck1)
    x$fpl$fcmpinf                            0x08005394   Section       24  fcmpi.o(x$fpl$fcmpinf)
    x$fpl$fdiv                               0x080053ac   Section      388  fdiv.o(x$fpl$fdiv)
    _fdiv1                                   0x080053ad   Thumb Code     0  fdiv.o(x$fpl$fdiv)
    x$fpl$ffix                               0x08005530   Section       54  ffix.o(x$fpl$ffix)
    x$fpl$ffixu                              0x08005568   Section       62  ffixu.o(x$fpl$ffixu)
    x$fpl$fflt                               0x080055a8   Section       48  fflt_clz.o(x$fpl$fflt)
    x$fpl$ffltu                              0x080055d8   Section       38  fflt_clz.o(x$fpl$ffltu)
    x$fpl$fleqf                              0x08005600   Section      104  fleqf.o(x$fpl$fleqf)
    x$fpl$fmul                               0x08005668   Section      258  fmul.o(x$fpl$fmul)
    x$fpl$fnaninf                            0x0800576a   Section      140  fnaninf.o(x$fpl$fnaninf)
    x$fpl$fretinf                            0x080057f6   Section       10  fretinf.o(x$fpl$fretinf)
    x$fpl$frleqf                             0x08005800   Section       98  frleqf.o(x$fpl$frleqf)
    x$fpl$frnd                               0x08005864   Section       96  frnd.o(x$fpl$frnd)
    x$fpl$frsb                               0x080058c4   Section       20  faddsub_clz.o(x$fpl$frsb)
    x$fpl$fsqrt                              0x080058d8   Section      272  fsqrt.o(x$fpl$fsqrt)
    x$fpl$fsub                               0x080059e8   Section      234  faddsub_clz.o(x$fpl$fsub)
    _fsub1                                   0x080059f7   Thumb Code     0  faddsub_clz.o(x$fpl$fsub)
    x$fpl$retnan                             0x08005ad2   Section      100  retnan.o(x$fpl$retnan)
    x$fpl$scalbnf                            0x08005b36   Section       76  scalbnf.o(x$fpl$scalbnf)
    x$fpl$trapveneer                         0x08005b82   Section       48  trapv.o(x$fpl$trapveneer)
    x$fpl$usenofp                            0x08005bb2   Section        0  usenofp.o(x$fpl$usenofp)
    .constdata                               0x08005bb4   Section       32  rredf.o(.constdata)
    twooverpi                                0x08005bb4   Data          32  rredf.o(.constdata)
    .data                                    0x20000000   Section        2  eeprom.o(.data)
    .data                                    0x20000002   Section       20  stm32f10x_rcc.o(.data)
    APBAHBPrescTable                         0x20000002   Data          16  stm32f10x_rcc.o(.data)
    ADCPrescTable                            0x20000012   Data           4  stm32f10x_rcc.o(.data)
    .data                                    0x20000018   Section       66  controller.o(.data)
    flag                                     0x20000058   Data           1  controller.o(.data)
    flag                                     0x20000059   Data           1  controller.o(.data)
    .data                                    0x2000005c   Section       12  delay.o(.data)
    usTicks                                  0x2000005c   Data           4  delay.o(.data)
    .data                                    0x20000068   Section       28  filter.o(.data)
    Vector_G                                 0x2000006c   Data          12  filter.o(.data)
    Vector_M                                 0x20000078   Data          12  filter.o(.data)
    .data                                    0x20000084   Section       48  func.o(.data)
    .data                                    0x200000b4   Section       44  imu.o(.data)
    accelLPF                                 0x200000b6   Data           6  imu.o(.data)
    imuAccLpfAttFactor                       0x200000bc   Data           4  imu.o(.data)
    cali_count                               0x200000c0   Data           1  imu.o(.data)
    acc_x                                    0x200000c4   Data           4  imu.o(.data)
    acc_y                                    0x200000c8   Data           4  imu.o(.data)
    acc_z                                    0x200000cc   Data           4  imu.o(.data)
    gyro_x                                   0x200000d0   Data           4  imu.o(.data)
    gyro_y                                   0x200000d4   Data           4  imu.o(.data)
    gyro_z                                   0x200000d8   Data           4  imu.o(.data)
    last                                     0x200000dc   Data           4  imu.o(.data)
    .data                                    0x200000e0   Section       10  wifi.o(.data)
    uart1Index                               0x200000e4   Data           1  wifi.o(.data)
    level1                                   0x200000e5   Data           1  wifi.o(.data)
    level2                                   0x200000e6   Data           1  wifi.o(.data)
    level3                                   0x200000e7   Data           1  wifi.o(.data)
    level4                                   0x200000e8   Data           1  wifi.o(.data)
    busy                                     0x200000e9   Data           1  wifi.o(.data)
    .data                                    0x200000ec   Section       20  system_stm32f10x.o(.data)
    .bss                                     0x20000100   Section       20  adc_dma.o(.bss)
    .bss                                     0x20000114   Section      336  controller.o(.bss)
    .bss                                     0x20000264   Section       36  filter.o(.bss)
    deltaGyroAngle                           0x20000270   Data          12  filter.o(.bss)
    LastGyro                                 0x2000027c   Data          12  filter.o(.bss)
    .bss                                     0x20000288   Section       52  imu.o(.bss)
    accelStoredFilterValues                  0x200002b0   Data          12  imu.o(.bss)
    .bss                                     0x200002bc   Section     1824  wifi.o(.bss)
    uart1buf                                 0x200002bc   Data         128  wifi.o(.bss)
    .bss                                     0x200009dc   Section       96  libspace.o(.bss)
    HEAP                                     0x20000a40   Section      512  startup_stm32f10x_md.o(HEAP)
    Heap_Mem                                 0x20000a40   Data         512  startup_stm32f10x_md.o(HEAP)
    STACK                                    0x20000c40   Section     1024  startup_stm32f10x_md.o(STACK)
    Stack_Mem                                0x20000c40   Data        1024  startup_stm32f10x_md.o(STACK)
    __initial_sp                             0x20001040   Data           0  startup_stm32f10x_md.o(STACK)

    Global Symbols

    Symbol Name                              Value     Ov Type        Size  Object(Section)

    BuildAttributes$$THM_ISAv4$P$D$K$B$S$PE$A:L22UL41UL21$X:L11$S22US41US21$IEEE1$IW$USESV6$~STKCKD$USESV7$~SHL$OTIME$ROPI$IEEEX$EBA8$UX$STANDARDLIB$REQ8$PRES8$EABIv2 0x00000000   Number         0  anon$$obj.o ABSOLUTE
    __ARM_use_no_argv                        0x00000000   Number         0  main.o ABSOLUTE
    _printf_flags                            0x00000000   Number         0  printf_stubs.o ABSOLUTE
    _printf_return_value                     0x00000000   Number         0  printf_stubs.o ABSOLUTE
    _printf_sizespec                         0x00000000   Number         0  printf_stubs.o ABSOLUTE
    _printf_widthprec                        0x00000000   Number         0  printf_stubs.o ABSOLUTE
    __ARM_exceptions_init                     - Undefined Weak Reference
    __alloca_initialize                       - Undefined Weak Reference
    __arm_preinit_                            - Undefined Weak Reference
    __cpp_initialize__aeabi_                  - Undefined Weak Reference
    __cxa_finalize                            - Undefined Weak Reference
    __rt_locale                               - Undefined Weak Reference
    __sigvec_lookup                           - Undefined Weak Reference
    _atexit_init                              - Undefined Weak Reference
    _call_atexit_fns                          - Undefined Weak Reference
    _clock_init                               - Undefined Weak Reference
    _fp_trap_init                             - Undefined Weak Reference
    _fp_trap_shutdown                         - Undefined Weak Reference
    _get_lc_collate                           - Undefined Weak Reference
    _get_lc_ctype                             - Undefined Weak Reference
    _get_lc_monetary                          - Undefined Weak Reference
    _get_lc_numeric                           - Undefined Weak Reference
    _get_lc_time                              - Undefined Weak Reference
    _getenv_init                              - Undefined Weak Reference
    _handle_redirection                       - Undefined Weak Reference
    _init_alloc                               - Undefined Weak Reference
    _init_user_alloc                          - Undefined Weak Reference
    _initio                                   - Undefined Weak Reference
    _printf_truncate_signed                   - Undefined Weak Reference
    _printf_truncate_unsigned                 - Undefined Weak Reference
    _rand_init                                - Undefined Weak Reference
    _signal_finish                            - Undefined Weak Reference
    _signal_init                              - Undefined Weak Reference
    _terminate_alloc                          - Undefined Weak Reference
    _terminate_user_alloc                     - Undefined Weak Reference
    _terminateio                              - Undefined Weak Reference
    __Vectors_Size                           0x000000ec   Number         0  startup_stm32f10x_md.o ABSOLUTE
    __Vectors                                0x08000000   Data           4  startup_stm32f10x_md.o(RESET)
    __Vectors_End                            0x080000ec   Data           0  startup_stm32f10x_md.o(RESET)
    __main                                   0x080000ed   Thumb Code     8  __main.o(!!!main)
    __scatterload                            0x080000f5   Thumb Code     0  __scatter.o(!!!scatter)
    __scatterload_rt2                        0x080000f5   Thumb Code    44  __scatter.o(!!!scatter)
    __scatterload_rt2_thumb_only             0x080000f5   Thumb Code     0  __scatter.o(!!!scatter)
    __scatterload_null                       0x08000103   Thumb Code     0  __scatter.o(!!!scatter)
    __scatterload_copy                       0x08000129   Thumb Code    26  __scatter_copy.o(!!handler_copy)
    __scatterload_zeroinit                   0x08000145   Thumb Code    28  __scatter_zi.o(!!handler_zi)
    __rt_lib_init                            0x08000161   Thumb Code     0  libinit.o(.ARM.Collect$$libinit$$00000000)
    __rt_lib_init_alloca_1                   0x08000163   Thumb Code     0  libinit2.o(.ARM.Collect$$libinit$$0000002E)
    __rt_lib_init_argv_1                     0x08000163   Thumb Code     0  libinit2.o(.ARM.Collect$$libinit$$0000002C)
    __rt_lib_init_atexit_1                   0x08000163   Thumb Code     0  libinit2.o(.ARM.Collect$$libinit$$0000001B)
    __rt_lib_init_clock_1                    0x08000163   Thumb Code     0  libinit2.o(.ARM.Collect$$libinit$$00000021)
    __rt_lib_init_cpp_1                      0x08000163   Thumb Code     0  libinit2.o(.ARM.Collect$$libinit$$00000032)
    __rt_lib_init_exceptions_1               0x08000163   Thumb Code     0  libinit2.o(.ARM.Collect$$libinit$$00000030)
    __rt_lib_init_fp_1                       0x08000163   Thumb Code     0  libinit2.o(.ARM.Collect$$libinit$$00000002)
    __rt_lib_init_fp_trap_1                  0x08000163   Thumb Code     0  libinit2.o(.ARM.Collect$$libinit$$0000001F)
    __rt_lib_init_getenv_1                   0x08000163   Thumb Code     0  libinit2.o(.ARM.Collect$$libinit$$00000023)
    __rt_lib_init_heap_1                     0x08000163   Thumb Code     0  libinit2.o(.ARM.Collect$$libinit$$0000000A)
    __rt_lib_init_lc_collate_1               0x08000163   Thumb Code     0  libinit2.o(.ARM.Collect$$libinit$$00000011)
    __rt_lib_init_lc_ctype_1                 0x08000163   Thumb Code     0  libinit2.o(.ARM.Collect$$libinit$$00000013)
    __rt_lib_init_lc_monetary_1              0x08000163   Thumb Code     0  libinit2.o(.ARM.Collect$$libinit$$00000015)
    __rt_lib_init_lc_numeric_1               0x08000163   Thumb Code     0  libinit2.o(.ARM.Collect$$libinit$$00000017)
    __rt_lib_init_lc_time_1                  0x08000163   Thumb Code     0  libinit2.o(.ARM.Collect$$libinit$$00000019)
    __rt_lib_init_preinit_1                  0x08000163   Thumb Code     0  libinit2.o(.ARM.Collect$$libinit$$00000004)
    __rt_lib_init_rand_1                     0x08000163   Thumb Code     0  libinit2.o(.ARM.Collect$$libinit$$0000000E)
    __rt_lib_init_return                     0x08000163   Thumb Code     0  libinit2.o(.ARM.Collect$$libinit$$00000033)
    __rt_lib_init_signal_1                   0x08000163   Thumb Code     0  libinit2.o(.ARM.Collect$$libinit$$0000001D)
    __rt_lib_init_stdio_1                    0x08000163   Thumb Code     0  libinit2.o(.ARM.Collect$$libinit$$00000025)
    __rt_lib_init_user_alloc_1               0x08000163   Thumb Code     0  libinit2.o(.ARM.Collect$$libinit$$0000000C)
    __rt_lib_shutdown                        0x08000165   Thumb Code     0  libshutdown.o(.ARM.Collect$$libshutdown$$00000000)
    __rt_lib_shutdown_cpp_1                  0x08000167   Thumb Code     0  libshutdown2.o(.ARM.Collect$$libshutdown$$00000002)
    __rt_lib_shutdown_fp_trap_1              0x08000167   Thumb Code     0  libshutdown2.o(.ARM.Collect$$libshutdown$$00000007)
    __rt_lib_shutdown_heap_1                 0x08000167   Thumb Code     0  libshutdown2.o(.ARM.Collect$$libshutdown$$0000000F)
    __rt_lib_shutdown_return                 0x08000167   Thumb Code     0  libshutdown2.o(.ARM.Collect$$libshutdown$$00000010)
    __rt_lib_shutdown_signal_1               0x08000167   Thumb Code     0  libshutdown2.o(.ARM.Collect$$libshutdown$$0000000A)
    __rt_lib_shutdown_stdio_1                0x08000167   Thumb Code     0  libshutdown2.o(.ARM.Collect$$libshutdown$$00000004)
    __rt_lib_shutdown_user_alloc_1           0x08000167   Thumb Code     0  libshutdown2.o(.ARM.Collect$$libshutdown$$0000000C)
    __rt_entry                               0x08000169   Thumb Code     0  __rtentry.o(.ARM.Collect$$rtentry$$00000000)
    __rt_entry_presh_1                       0x08000169   Thumb Code     0  __rtentry2.o(.ARM.Collect$$rtentry$$00000002)
    __rt_entry_sh                            0x08000169   Thumb Code     0  __rtentry4.o(.ARM.Collect$$rtentry$$00000004)
    __rt_entry_li                            0x0800016f   Thumb Code     0  __rtentry2.o(.ARM.Collect$$rtentry$$0000000A)
    __rt_entry_postsh_1                      0x0800016f   Thumb Code     0  __rtentry2.o(.ARM.Collect$$rtentry$$00000009)
    __rt_entry_main                          0x08000173   Thumb Code     0  __rtentry2.o(.ARM.Collect$$rtentry$$0000000D)
    __rt_entry_postli_1                      0x08000173   Thumb Code     0  __rtentry2.o(.ARM.Collect$$rtentry$$0000000C)
    __rt_exit                                0x0800017b   Thumb Code     0  rtexit.o(.ARM.Collect$$rtexit$$00000000)
    __rt_exit_ls                             0x0800017d   Thumb Code     0  rtexit2.o(.ARM.Collect$$rtexit$$00000003)
    __rt_exit_prels_1                        0x0800017d   Thumb Code     0  rtexit2.o(.ARM.Collect$$rtexit$$00000002)
    __rt_exit_exit                           0x08000181   Thumb Code     0  rtexit2.o(.ARM.Collect$$rtexit$$00000004)
    Reset_Handler                            0x08000189   Thumb Code     8  startup_stm32f10x_md.o(.text)
    ADC1_2_IRQHandler                        0x080001a3   Thumb Code     0  startup_stm32f10x_md.o(.text)
    CAN1_RX1_IRQHandler                      0x080001a3   Thumb Code     0  startup_stm32f10x_md.o(.text)
    CAN1_SCE_IRQHandler                      0x080001a3   Thumb Code     0  startup_stm32f10x_md.o(.text)
    DMA1_Channel1_IRQHandler                 0x080001a3   Thumb Code     0  startup_stm32f10x_md.o(.text)
    DMA1_Channel2_IRQHandler                 0x080001a3   Thumb Code     0  startup_stm32f10x_md.o(.text)
    DMA1_Channel3_IRQHandler                 0x080001a3   Thumb Code     0  startup_stm32f10x_md.o(.text)
    DMA1_Channel4_IRQHandler                 0x080001a3   Thumb Code     0  startup_stm32f10x_md.o(.text)
    DMA1_Channel5_IRQHandler                 0x080001a3   Thumb Code     0  startup_stm32f10x_md.o(.text)
    DMA1_Channel6_IRQHandler                 0x080001a3   Thumb Code     0  startup_stm32f10x_md.o(.text)
    DMA1_Channel7_IRQHandler                 0x080001a3   Thumb Code     0  startup_stm32f10x_md.o(.text)
    EXTI0_IRQHandler                         0x080001a3   Thumb Code     0  startup_stm32f10x_md.o(.text)
    EXTI15_10_IRQHandler                     0x080001a3   Thumb Code     0  startup_stm32f10x_md.o(.text)
    EXTI1_IRQHandler                         0x080001a3   Thumb Code     0  startup_stm32f10x_md.o(.text)
    EXTI2_IRQHandler                         0x080001a3   Thumb Code     0  startup_stm32f10x_md.o(.text)
    EXTI3_IRQHandler                         0x080001a3   Thumb Code     0  startup_stm32f10x_md.o(.text)
    EXTI4_IRQHandler                         0x080001a3   Thumb Code     0  startup_stm32f10x_md.o(.text)
    EXTI9_5_IRQHandler                       0x080001a3   Thumb Code     0  startup_stm32f10x_md.o(.text)
    FLASH_IRQHandler                         0x080001a3   Thumb Code     0  startup_stm32f10x_md.o(.text)
    I2C1_ER_IRQHandler                       0x080001a3   Thumb Code     0  startup_stm32f10x_md.o(.text)
    I2C1_EV_IRQHandler                       0x080001a3   Thumb Code     0  startup_stm32f10x_md.o(.text)
    I2C2_ER_IRQHandler                       0x080001a3   Thumb Code     0  startup_stm32f10x_md.o(.text)
    I2C2_EV_IRQHandler                       0x080001a3   Thumb Code     0  startup_stm32f10x_md.o(.text)
    PVD_IRQHandler                           0x080001a3   Thumb Code     0  startup_stm32f10x_md.o(.text)
    RCC_IRQHandler                           0x080001a3   Thumb Code     0  startup_stm32f10x_md.o(.text)
    RTCAlarm_IRQHandler                      0x080001a3   Thumb Code     0  startup_stm32f10x_md.o(.text)
    RTC_IRQHandler                           0x080001a3   Thumb Code     0  startup_stm32f10x_md.o(.text)
    SPI1_IRQHandler                          0x080001a3   Thumb Code     0  startup_stm32f10x_md.o(.text)
    SPI2_IRQHandler                          0x080001a3   Thumb Code     0  startup_stm32f10x_md.o(.text)
    TAMPER_IRQHandler                        0x080001a3   Thumb Code     0  startup_stm32f10x_md.o(.text)
    TIM1_BRK_IRQHandler                      0x080001a3   Thumb Code     0  startup_stm32f10x_md.o(.text)
    TIM1_CC_IRQHandler                       0x080001a3   Thumb Code     0  startup_stm32f10x_md.o(.text)
    TIM1_TRG_COM_IRQHandler                  0x080001a3   Thumb Code     0  startup_stm32f10x_md.o(.text)
    TIM1_UP_IRQHandler                       0x080001a3   Thumb Code     0  startup_stm32f10x_md.o(.text)
    TIM2_IRQHandler                          0x080001a3   Thumb Code     0  startup_stm32f10x_md.o(.text)
    TIM4_IRQHandler                          0x080001a3   Thumb Code     0  startup_stm32f10x_md.o(.text)
    USART3_IRQHandler                        0x080001a3   Thumb Code     0  startup_stm32f10x_md.o(.text)
    USBWakeUp_IRQHandler                     0x080001a3   Thumb Code     0  startup_stm32f10x_md.o(.text)
    USB_HP_CAN1_TX_IRQHandler                0x080001a3   Thumb Code     0  startup_stm32f10x_md.o(.text)
    USB_LP_CAN1_RX0_IRQHandler               0x080001a3   Thumb Code     0  startup_stm32f10x_md.o(.text)
    WWDG_IRQHandler                          0x080001a3   Thumb Code     0  startup_stm32f10x_md.o(.text)
    __user_initial_stackheap                 0x080001a5   Thumb Code     0  startup_stm32f10x_md.o(.text)
    __aeabi_memclr4                          0x080001c9   Thumb Code     0  rt_memclr_w.o(.text)
    __aeabi_memclr8                          0x080001c9   Thumb Code     0  rt_memclr_w.o(.text)
    __rt_memclr_w                            0x080001c9   Thumb Code    78  rt_memclr_w.o(.text)
    _memset_w                                0x080001cd   Thumb Code     0  rt_memclr_w.o(.text)
    __use_two_region_memory                  0x08000217   Thumb Code     2  heapauxi.o(.text)
    __rt_heap_escrow$2region                 0x08000219   Thumb Code     2  heapauxi.o(.text)
    __rt_heap_expand$2region                 0x0800021b   Thumb Code     2  heapauxi.o(.text)
    __read_errno                             0x0800021d   Thumb Code    10  _rserrno.o(.text)
    __set_errno                              0x08000227   Thumb Code    12  _rserrno.o(.text)
    __aeabi_errno_addr                       0x08000235   Thumb Code     8  rt_errno_addr_intlibspace.o(.text)
    __errno$intlibspace                      0x08000235   Thumb Code     0  rt_errno_addr_intlibspace.o(.text)
    __rt_errno_addr$intlibspace              0x08000235   Thumb Code     0  rt_errno_addr_intlibspace.o(.text)
    __user_libspace                          0x0800023d   Thumb Code     8  libspace.o(.text)
    __user_perproc_libspace                  0x0800023d   Thumb Code     0  libspace.o(.text)
    __user_perthread_libspace                0x0800023d   Thumb Code     0  libspace.o(.text)
    __user_setup_stackheap                   0x08000245   Thumb Code    74  sys_stackheap_outer.o(.text)
    exit                                     0x0800028f   Thumb Code    18  exit.o(.text)
    _sys_exit                                0x080002a1   Thumb Code     8  sys_exit.o(.text)
    __I$use$semihosting                      0x080002ad   Thumb Code     0  use_no_semi.o(.text)
    __use_no_semihosting_swi                 0x080002ad   Thumb Code     2  use_no_semi.o(.text)
    ADC_Cmd                                  0x080002af   Thumb Code    22  stm32f10x_adc.o(i.ADC_Cmd)
    __semihosting_library_function           0x080002af   Thumb Code     0  indicate_semi.o(.text)
    ADC_DMACmd                               0x080002c5   Thumb Code    22  stm32f10x_adc.o(i.ADC_DMACmd)
    ADC_DMA_Init                             0x080002dd   Thumb Code   240  adc_dma.o(i.ADC_DMA_Init)
    ADC_GetCalibrationStatus                 0x080003dd   Thumb Code    20  stm32f10x_adc.o(i.ADC_GetCalibrationStatus)
    ADC_GetResetCalibrationStatus            0x080003f1   Thumb Code    20  stm32f10x_adc.o(i.ADC_GetResetCalibrationStatus)
    ADC_Init                                 0x08000405   Thumb Code    70  stm32f10x_adc.o(i.ADC_Init)
    ADC_RegularChannelConfig                 0x08000455   Thumb Code   184  stm32f10x_adc.o(i.ADC_RegularChannelConfig)
    ADC_ResetCalibration                     0x0800050d   Thumb Code    10  stm32f10x_adc.o(i.ADC_ResetCalibration)
    ADC_SoftwareStartConvCmd                 0x08000517   Thumb Code    22  stm32f10x_adc.o(i.ADC_SoftwareStartConvCmd)
    ADC_StartCalibration                     0x0800052d   Thumb Code    10  stm32f10x_adc.o(i.ADC_StartCalibration)
    AttitudeToMotors                         0x08000539   Thumb Code   236  controller.o(i.AttitudeToMotors)
    BusFault_Handler                         0x0800065d   Thumb Code     4  stm32f10x_it.o(i.BusFault_Handler)
    CF_1st                                   0x08000661   Thumb Code   126  filter.o(i.CF_1st)
    CF_Factor_Cal                            0x080006df   Thumb Code    26  filter.o(i.CF_Factor_Cal)
    CalibrateMPU6050                         0x080006f9   Thumb Code   284  imu.o(i.CalibrateMPU6050)
    CheckSum                                 0x08000839   Thumb Code    28  func.o(i.CheckSum)
    DCM_CF                                   0x08000855   Thumb Code   312  filter.o(i.DCM_CF)
    DMA_Cmd                                  0x080009b5   Thumb Code    24  stm32f10x_dma.o(i.DMA_Cmd)
    DMA_DeInit                               0x080009cd   Thumb Code   324  stm32f10x_dma.o(i.DMA_DeInit)
    DMA_Init                                 0x08000b19   Thumb Code    60  stm32f10x_dma.o(i.DMA_Init)
    DebugMon_Handler                         0x08000b55   Thumb Code     2  stm32f10x_it.o(i.DebugMon_Handler)
    EE_Init                                  0x08000bed   Thumb Code   488  eeprom.o(i.EE_Init)
    EE_ReadVariable                          0x08000ed5   Thumb Code    92  eeprom.o(i.EE_ReadVariable)
    EE_Read_ACC_GYRO_Offset                  0x08000f35   Thumb Code    74  func.o(i.EE_Read_ACC_GYRO_Offset)
    EE_Read_PID                              0x08000f89   Thumb Code   274  func.o(i.EE_Read_PID)
    EE_Read_Rate_PID                         0x080010b1   Thumb Code   274  func.o(i.EE_Read_Rate_PID)
    EE_WriteVariable                         0x08001245   Thumb Code    36  eeprom.o(i.EE_WriteVariable)
    EE_Write_ACC_GYRO_Offset                 0x08001269   Thumb Code    88  func.o(i.EE_Write_ACC_GYRO_Offset)
    EE_Write_PID                             0x080012c9   Thumb Code   256  func.o(i.EE_Write_PID)
    EE_Write_Rate_PID                        0x080013dd   Thumb Code   256  func.o(i.EE_Write_Rate_PID)
    EnableCalibration                        0x080014f1   Thumb Code     8  imu.o(i.EnableCalibration)
    FLASH_ErasePage                          0x080014fd   Thumb Code    72  stm32f10x_flash.o(i.FLASH_ErasePage)
    FLASH_GetBank1Status                     0x08001549   Thumb Code    48  stm32f10x_flash.o(i.FLASH_GetBank1Status)
    FLASH_ProgramHalfWord                    0x0800157d   Thumb Code    60  stm32f10x_flash.o(i.FLASH_ProgramHalfWord)
    FLASH_Unlock                             0x080015bd   Thumb Code    12  stm32f10x_flash.o(i.FLASH_Unlock)
    FLASH_WaitForLastOperation               0x080015d5   Thumb Code    38  stm32f10x_flash.o(i.FLASH_WaitForLastOperation)
    FilterInit                               0x080015fd   Thumb Code    16  filter.o(i.FilterInit)
    GPIO_Configuration                       0x08001619   Thumb Code    60  configer.o(i.GPIO_Configuration)
    GPIO_Init                                0x08001659   Thumb Code   278  stm32f10x_gpio.o(i.GPIO_Init)
    GetADCValue                              0x08001771   Thumb Code    30  adc_dma.o(i.GetADCValue)
    GetAccGyroOffset                         0x08001795   Thumb Code   186  func.o(i.GetAccGyroOffset)
    GetDeltaT                                0x08001855   Thumb Code    44  imu.o(i.GetDeltaT)
    GetEulerAngle                            0x0800188d   Thumb Code   182  imu.o(i.GetEulerAngle)
    GetMPU6050Data                           0x0800195d   Thumb Code   164  imu.o(i.GetMPU6050Data)
    GetPID                                   0x08001a0d   Thumb Code   342  controller.o(i.GetPID)
    GetRatePID                               0x08001b75   Thumb Code   342  controller.o(i.GetRatePID)
    GetState                                 0x08001cdd   Thumb Code   496  func.o(i.GetState)
    GetSysTime_us                            0x08001f05   Thumb Code    58  delay.o(i.GetSysTime_us)
    Getdesireddata                           0x08001f49   Thumb Code   344  controller.o(i.Getdesireddata)
    HardFault_Handler                        0x080020d5   Thumb Code     4  stm32f10x_it.o(i.HardFault_Handler)
    IIC_Ack                                  0x080020d9   Thumb Code    64  ioi2c.o(i.IIC_Ack)
    IIC_Init                                 0x08002125   Thumb Code    60  ioi2c.o(i.IIC_Init)
    IIC_NAck                                 0x08002165   Thumb Code    62  ioi2c.o(i.IIC_NAck)
    IIC_Read_Byte                            0x080021b1   Thumb Code    98  ioi2c.o(i.IIC_Read_Byte)
    IIC_Send_Byte                            0x08002221   Thumb Code    88  ioi2c.o(i.IIC_Send_Byte)
    IIC_Start                                0x08002285   Thumb Code    64  ioi2c.o(i.IIC_Start)
    IIC_Stop                                 0x080022d1   Thumb Code    62  ioi2c.o(i.IIC_Stop)
    IIC_Wait_Ack                             0x0800231d   Thumb Code    92  ioi2c.o(i.IIC_Wait_Ack)
    IICreadBytes                             0x08002385   Thumb Code   100  ioi2c.o(i.IICreadBytes)
    IICwriteByte                             0x080023e9   Thumb Code    20  ioi2c.o(i.IICwriteByte)
    IICwriteBytes                            0x080023fd   Thumb Code    70  ioi2c.o(i.IICwriteBytes)
    LED_Controls                             0x08002445   Thumb Code   160  configer.o(i.LED_Controls)
    MOTORLimit                               0x080024e9   Thumb Code    38  controller.o(i.MOTORLimit)
    MPU6050_GPIO_Init                        0x08002519   Thumb Code    34  mpu6050.o(i.MPU6050_GPIO_Init)
    MPU6050_getMotion                        0x08002541   Thumb Code    18  mpu6050.o(i.MPU6050_getMotion)
    MPU6050_initialize                       0x08002553   Thumb Code    78  mpu6050.o(i.MPU6050_initialize)
    MemManage_Handler                        0x080025a1   Thumb Code     4  stm32f10x_it.o(i.MemManage_Handler)
    Motor_Init                               0x080025a5   Thumb Code   200  motor.o(i.Motor_Init)
    Motor_SetPwm                             0x0800267d   Thumb Code    92  motor.o(i.Motor_SetPwm)
    NMI_Handler                              0x080026dd   Thumb Code     2  stm32f10x_it.o(i.NMI_Handler)
    NVIC_Configuration                       0x080026df   Thumb Code    50  configer.o(i.NVIC_Configuration)
    NVIC_Init                                0x08002711   Thumb Code   100  misc.o(i.NVIC_Init)
    NVIC_PriorityGroupConfig                 0x08002781   Thumb Code    10  misc.o(i.NVIC_PriorityGroupConfig)
    NVIC_SetVectorTable                      0x08002795   Thumb Code    12  misc.o(i.NVIC_SetVectorTable)
    PIDINIT                                  0x080027a9   Thumb Code    12  controller.o(i.PIDINIT)
    PendSV_Handler                           0x080027b5   Thumb Code     2  stm32f10x_it.o(i.PendSV_Handler)
    RCC_AHBPeriphClockCmd                    0x080027b9   Thumb Code    26  stm32f10x_rcc.o(i.RCC_AHBPeriphClockCmd)
    RCC_APB1PeriphClockCmd                   0x080027d9   Thumb Code    26  stm32f10x_rcc.o(i.RCC_APB1PeriphClockCmd)
    RCC_APB2PeriphClockCmd                   0x080027f9   Thumb Code    26  stm32f10x_rcc.o(i.RCC_APB2PeriphClockCmd)
    RCC_Configuration                        0x08002819   Thumb Code    14  configer.o(i.RCC_Configuration)
    RCC_GetClocksFreq                        0x08002829   Thumb Code   192  stm32f10x_rcc.o(i.RCC_GetClocksFreq)
    SVC_Handler                              0x080028fd   Thumb Code     2  stm32f10x_it.o(i.SVC_Handler)
    SetAccGyroOffset                         0x08002901   Thumb Code   106  func.o(i.SetAccGyroOffset)
    SetPID                                   0x08002971   Thumb Code   338  controller.o(i.SetPID)
    SetPIDInit                               0x08002ad9   Thumb Code    80  controller.o(i.SetPIDInit)
    SetRatePID                               0x08002b41   Thumb Code   338  controller.o(i.SetRatePID)
    SetRatePIDInit                           0x08002ca9   Thumb Code    80  controller.o(i.SetRatePIDInit)
    Single_WriteI2C                          0x08002e05   Thumb Code    18  mpu6050.o(i.Single_WriteI2C)
    SysTick_Handler                          0x08002e19   Thumb Code    22  stm32f10x_it.o(i.SysTick_Handler)
    SystemInit                               0x08002e39   Thumb Code    78  system_stm32f10x.o(i.SystemInit)
    TIM3_IRQHandler                          0x08002e99   Thumb Code     6  stm32f10x_it.o(i.TIM3_IRQHandler)
    TIM_ARRPreloadConfig                     0x08002ea5   Thumb Code    24  stm32f10x_tim.o(i.TIM_ARRPreloadConfig)
    TIM_Cmd                                  0x08002ebd   Thumb Code    24  stm32f10x_tim.o(i.TIM_Cmd)
    TIM_OC1Init                              0x08002ed5   Thumb Code   132  stm32f10x_tim.o(i.TIM_OC1Init)
    TIM_OC1PreloadConfig                     0x08002f6d   Thumb Code    18  stm32f10x_tim.o(i.TIM_OC1PreloadConfig)
    TIM_OC2Init                              0x08002f81   Thumb Code   154  stm32f10x_tim.o(i.TIM_OC2Init)
    TIM_OC2PreloadConfig                     0x08003025   Thumb Code    26  stm32f10x_tim.o(i.TIM_OC2PreloadConfig)
    TIM_OC3Init                              0x08003041   Thumb Code   150  stm32f10x_tim.o(i.TIM_OC3Init)
    TIM_OC3PreloadConfig                     0x080030e1   Thumb Code    18  stm32f10x_tim.o(i.TIM_OC3PreloadConfig)
    TIM_OC4Init                              0x080030f5   Thumb Code   114  stm32f10x_tim.o(i.TIM_OC4Init)
    TIM_OC4PreloadConfig                     0x08003171   Thumb Code    26  stm32f10x_tim.o(i.TIM_OC4PreloadConfig)
    TIM_TimeBaseInit                         0x0800318d   Thumb Code   122  stm32f10x_tim.o(i.TIM_TimeBaseInit)
    USART1_Configuration                     0x08003231   Thumb Code   116  usart.o(i.USART1_Configuration)
    USART1_IRQHandler                        0x080032ad   Thumb Code   140  wifi.o(i.USART1_IRQHandler)
    USART2_IRQHandler                        0x08003345   Thumb Code   156  wifi.o(i.USART2_IRQHandler)
    USART_ClearFlag                          0x080033ed   Thumb Code    18  stm32f10x_usart.o(i.USART_ClearFlag)
    USART_Cmd                                0x080033ff   Thumb Code    24  stm32f10x_usart.o(i.USART_Cmd)
    USART_GetFlagStatus                      0x08003417   Thumb Code    26  stm32f10x_usart.o(i.USART_GetFlagStatus)
    USART_ITConfig                           0x08003431   Thumb Code    74  stm32f10x_usart.o(i.USART_ITConfig)
    USART_Init                               0x0800347d   Thumb Code   210  stm32f10x_usart.o(i.USART_Init)
    USART_OUT                                0x08003555   Thumb Code    42  usart.o(i.USART_OUT)
    USART_OUT1                               0x0800357f   Thumb Code    46  usart.o(i.USART_OUT1)
    USART_SendData                           0x080035ad   Thumb Code     8  stm32f10x_usart.o(i.USART_SendData)
    UsageFault_Handler                       0x080035b5   Thumb Code     4  stm32f10x_it.o(i.UsageFault_Handler)
    WIFI_SendData                            0x080035b9   Thumb Code    32  wifi.o(i.WIFI_SendData)
    Wifi_handle                              0x080035e1   Thumb Code    60  wifi.o(i.Wifi_handle)
    __ARM_fpclassifyf                        0x08003625   Thumb Code    38  fpclassifyf.o(i.__ARM_fpclassifyf)
    __mathlib_flt_infnan                     0x0800364b   Thumb Code     6  funder.o(i.__mathlib_flt_infnan)
    __mathlib_flt_infnan2                    0x08003651   Thumb Code     4  funder.o(i.__mathlib_flt_infnan2)
    __mathlib_flt_invalid                    0x08003655   Thumb Code     8  funder.o(i.__mathlib_flt_invalid)
    __mathlib_flt_underflow                  0x0800365d   Thumb Code    10  funder.o(i.__mathlib_flt_underflow)
    __mathlib_rredf2                         0x08003669   Thumb Code   344  rredf.o(i.__mathlib_rredf2)
    atan2f                                   0x080037d1   Thumb Code   528  atan2f.o(i.atan2f)
    controllerCorrectAttitudePID             0x08003a2d   Thumb Code   176  controller.o(i.controllerCorrectAttitudePID)
    controllerCorrectRatePID                 0x08003af5   Thumb Code   162  controller.o(i.controllerCorrectRatePID)
    controllerInit                           0x08003bb5   Thumb Code   212  controller.o(i.controllerInit)
    cosf                                     0x08003cd9   Thumb Code   328  cosf.o(i.cosf)
    cycleCounterInit                         0x08003e55   Thumb Code    26  delay.o(i.cycleCounterInit)
    degrees                                  0x08003e79   Thumb Code    14  filter.o(i.degrees)
    delay_ms                                 0x08003e8d   Thumb Code    34  delay.o(i.delay_ms)
    delay_us                                 0x08003eaf   Thumb Code    28  delay.o(i.delay_us)
    from_euler                               0x08003f3d   Thumb Code   568  filter.o(i.from_euler)
    get_rollpitch                            0x08004175   Thumb Code    84  filter.o(i.get_rollpitch)
    iirLPFilterSingle                        0x080041cd   Thumb Code    50  filter.o(i.iirLPFilterSingle)
    imuAccIIRLPFilter                        0x080041ff   Thumb Code    56  filter.o(i.imuAccIIRLPFilter)
    main                                     0x08004239   Thumb Code   170  main.o(i.main)
    motorcontorller_init                     0x080042f1   Thumb Code   494  motorcontroller.o(i.motorcontorller_init)
    pidInit                                  0x08004501   Thumb Code    28  pid.o(i.pidInit)
    pidSetDesired                            0x0800451d   Thumb Code     4  pid.o(i.pidSetDesired)
    pidSetError                              0x08004521   Thumb Code     4  pid.o(i.pidSetError)
    pidSetIntegralLimit                      0x08004525   Thumb Code     4  pid.o(i.pidSetIntegralLimit)
    pidSetIntegralLimitLow                   0x08004529   Thumb Code     4  pid.o(i.pidSetIntegralLimitLow)
    pidUpdate                                0x0800452d   Thumb Code   154  pid.o(i.pidUpdate)
    sinf                                     0x080045cd   Thumb Code   338  sinf.o(i.sinf)
    sqrtf                                    0x08004755   Thumb Code    44  sqrtf.o(i.sqrtf)
    uart2_init                               0x08004781   Thumb Code   162  usart.o(i.uart2_init)
    __aeabi_d2f                              0x0800482d   Thumb Code     0  d2f.o(x$fpl$d2f)
    _d2f                                     0x0800482d   Thumb Code    98  d2f.o(x$fpl$d2f)
    __aeabi_dadd                             0x08004891   Thumb Code     0  daddsub_clz.o(x$fpl$dadd)
    _dadd                                    0x08004891   Thumb Code   332  daddsub_clz.o(x$fpl$dadd)
    __fpl_dcmp_Inf                           0x080049e1   Thumb Code    24  dcmpi.o(x$fpl$dcmpinf)
    __aeabi_ddiv                             0x080049f9   Thumb Code     0  ddiv.o(x$fpl$ddiv)
    _ddiv                                    0x080049f9   Thumb Code   552  ddiv.o(x$fpl$ddiv)
    __aeabi_d2iz                             0x08004ca9   Thumb Code     0  dfix.o(x$fpl$dfix)
    _dfix                                    0x08004ca9   Thumb Code    94  dfix.o(x$fpl$dfix)
    __aeabi_d2uiz                            0x08004d09   Thumb Code     0  dfixu.o(x$fpl$dfixu)
    _dfixu                                   0x08004d09   Thumb Code    90  dfixu.o(x$fpl$dfixu)
    __aeabi_i2d                              0x08004d63   Thumb Code     0  dflt_clz.o(x$fpl$dflt)
    _dflt                                    0x08004d63   Thumb Code    46  dflt_clz.o(x$fpl$dflt)
    __aeabi_ui2d                             0x08004d91   Thumb Code     0  dflt_clz.o(x$fpl$dfltu)
    _dfltu                                   0x08004d91   Thumb Code    38  dflt_clz.o(x$fpl$dfltu)
    __aeabi_cdcmple                          0x08004db9   Thumb Code     0  dleqf.o(x$fpl$dleqf)
    _dcmple                                  0x08004db9   Thumb Code   120  dleqf.o(x$fpl$dleqf)
    __fpl_dcmple_InfNaN                      0x08004e1b   Thumb Code     0  dleqf.o(x$fpl$dleqf)
    __aeabi_dmul                             0x08004e31   Thumb Code     0  dmul.o(x$fpl$dmul)
    _dmul                                    0x08004e31   Thumb Code   332  dmul.o(x$fpl$dmul)
    __fpl_dnaninf                            0x08004f85   Thumb Code   156  dnaninf.o(x$fpl$dnaninf)
    __fpl_dretinf                            0x08005021   Thumb Code    12  dretinf.o(x$fpl$dretinf)
    __aeabi_cdrcmple                         0x0800502d   Thumb Code     0  drleqf.o(x$fpl$drleqf)
    _drcmple                                 0x0800502d   Thumb Code   108  drleqf.o(x$fpl$drleqf)
    __aeabi_dsub                             0x08005099   Thumb Code     0  daddsub_clz.o(x$fpl$dsub)
    _dsub                                    0x08005099   Thumb Code   464  daddsub_clz.o(x$fpl$dsub)
    __aeabi_f2d                              0x0800526d   Thumb Code     0  f2d.o(x$fpl$f2d)
    _f2d                                     0x0800526d   Thumb Code    86  f2d.o(x$fpl$f2d)
    __aeabi_fadd                             0x080052c5   Thumb Code     0  faddsub_clz.o(x$fpl$fadd)
    _fadd                                    0x080052c5   Thumb Code   196  faddsub_clz.o(x$fpl$fadd)
    __fpl_fcheck_NaN1                        0x08005389   Thumb Code     6  fcheck1.o(x$fpl$fcheck1)
    __fpl_fcmp_Inf                           0x08005395   Thumb Code    24  fcmpi.o(x$fpl$fcmpinf)
    __aeabi_fdiv                             0x080053ad   Thumb Code     0  fdiv.o(x$fpl$fdiv)
    _fdiv                                    0x080053ad   Thumb Code   384  fdiv.o(x$fpl$fdiv)
    __aeabi_f2iz                             0x08005531   Thumb Code     0  ffix.o(x$fpl$ffix)
    _ffix                                    0x08005531   Thumb Code    54  ffix.o(x$fpl$ffix)
    __aeabi_f2uiz                            0x08005569   Thumb Code     0  ffixu.o(x$fpl$ffixu)
    _ffixu                                   0x08005569   Thumb Code    62  ffixu.o(x$fpl$ffixu)
    __aeabi_i2f                              0x080055a9   Thumb Code     0  fflt_clz.o(x$fpl$fflt)
    _fflt                                    0x080055a9   Thumb Code    48  fflt_clz.o(x$fpl$fflt)
    __aeabi_ui2f                             0x080055d9   Thumb Code     0  fflt_clz.o(x$fpl$ffltu)
    _ffltu                                   0x080055d9   Thumb Code    38  fflt_clz.o(x$fpl$ffltu)
    __aeabi_cfcmple                          0x08005601   Thumb Code     0  fleqf.o(x$fpl$fleqf)
    _fcmple                                  0x08005601   Thumb Code   104  fleqf.o(x$fpl$fleqf)
    __fpl_fcmple_InfNaN                      0x08005653   Thumb Code     0  fleqf.o(x$fpl$fleqf)
    __aeabi_fmul                             0x08005669   Thumb Code     0  fmul.o(x$fpl$fmul)
    _fmul                                    0x08005669   Thumb Code   258  fmul.o(x$fpl$fmul)
    __fpl_fnaninf                            0x0800576b   Thumb Code   140  fnaninf.o(x$fpl$fnaninf)
    __fpl_fretinf                            0x080057f7   Thumb Code    10  fretinf.o(x$fpl$fretinf)
    __aeabi_cfrcmple                         0x08005801   Thumb Code     0  frleqf.o(x$fpl$frleqf)
    _frcmple                                 0x08005801   Thumb Code    98  frleqf.o(x$fpl$frleqf)
    _frnd                                    0x08005865   Thumb Code    96  frnd.o(x$fpl$frnd)
    __aeabi_frsub                            0x080058c5   Thumb Code     0  faddsub_clz.o(x$fpl$frsb)
    _frsb                                    0x080058c5   Thumb Code    20  faddsub_clz.o(x$fpl$frsb)
    _fsqrt                                   0x080058d9   Thumb Code   272  fsqrt.o(x$fpl$fsqrt)
    __aeabi_fsub                             0x080059e9   Thumb Code     0  faddsub_clz.o(x$fpl$fsub)
    _fsub                                    0x080059e9   Thumb Code   234  faddsub_clz.o(x$fpl$fsub)
    __fpl_return_NaN                         0x08005ad3   Thumb Code   100  retnan.o(x$fpl$retnan)
    __ARM_scalbnf                            0x08005b37   Thumb Code    76  scalbnf.o(x$fpl$scalbnf)
    __fpl_cmpreturn                          0x08005b83   Thumb Code    48  trapv.o(x$fpl$trapveneer)
    __I$use$fp                               0x08005bb2   Number         0  usenofp.o(x$fpl$usenofp)
    Region$$Table$$Base                      0x08005bd4   Number         0  anon$$obj.o(Region$$Table)
    Region$$Table$$Limit                     0x08005bf4   Number         0  anon$$obj.o(Region$$Table)
    DataVar                                  0x20000000   Data           2  eeprom.o(.data)
    rollOutput                               0x20000018   Data           2  controller.o(.data)
    pitchOutput                              0x2000001a   Data           2  controller.o(.data)
    yawOutput                                0x2000001c   Data           2  controller.o(.data)
    Motor_Thr                                0x20000020   Data           4  controller.o(.data)
    Motor_Ele                                0x20000024   Data           4  controller.o(.data)
    Motor_Ail                                0x20000028   Data           4  controller.o(.data)
    Motor_Rud                                0x2000002c   Data           4  controller.o(.data)
    MOTOR1                                   0x20000030   Data           4  controller.o(.data)
    MOTOR2                                   0x20000034   Data           4  controller.o(.data)
    MOTOR3                                   0x20000038   Data           4  controller.o(.data)
    MOTOR4                                   0x2000003c   Data           4  controller.o(.data)
    NUMBER                                   0x20000040   Data           4  controller.o(.data)
    rud_sum                                  0x20000044   Data           4  controller.o(.data)
    lock_flag                                0x20000048   Data           1  controller.o(.data)
    rollRateDesired                          0x2000004c   Data           4  controller.o(.data)
    pitchRateDesired                         0x20000050   Data           4  controller.o(.data)
    yawRateDesired                           0x20000054   Data           4  controller.o(.data)
    ticktack                                 0x20000060   Data           4  delay.o(.data)
    TIMIRQCNT                                0x20000064   Data           4  delay.o(.data)
    gyro_cf                                  0x20000068   Data           4  filter.o(.data)
    VirtAddVarTab                            0x20000084   Data          48  func.o(.data)
    calibration_flag                         0x200000b4   Data           1  imu.o(.data)
    USART1_RX_STA                            0x200000e0   Data           2  wifi.o(.data)
    USART2_RX_STA                            0x200000e2   Data           2  wifi.o(.data)
    SystemCoreClock                          0x200000ec   Data           4  system_stm32f10x.o(.data)
    AHBPrescTable                            0x200000f0   Data          16  system_stm32f10x.o(.data)
    ADC_Value                                0x20000100   Data          20  adc_dma.o(.bss)
    pidRollRate                              0x20000114   Data          56  controller.o(.bss)
    pidPitchRate                             0x2000014c   Data          56  controller.o(.bss)
    pidYawRate                               0x20000184   Data          56  controller.o(.bss)
    pidRoll                                  0x200001bc   Data          56  controller.o(.bss)
    pidPitch                                 0x200001f4   Data          56  controller.o(.bss)
    pidYaw                                   0x2000022c   Data          56  controller.o(.bss)
    angle                                    0x20000264   Data          12  filter.o(.bss)
    mpu_info                                 0x20000288   Data          24  imu.o(.bss)
    mpu6050_buffer                           0x200002a0   Data          14  imu.o(.bss)
    USART1_RX_BUF                            0x2000033c   Data          64  wifi.o(.bss)
    USART2_RX_BUF                            0x2000037c   Data          64  wifi.o(.bss)
    GEC_FLY                                  0x200003bc   Data          18  wifi.o(.bss)
    g_queue                                  0x200003ce   Data        1550  wifi.o(.bss)
    __libspace_start                         0x200009dc   Data          96  libspace.o(.bss)
    __temporary_stack_top$libspace           0x20000a3c   Data           0  libspace.o(.bss)



==============================================================================

Memory Map of the image

  Image Entry point : 0x080000ed

  Load Region LR_IROM1 (Base: 0x08000000, Size: 0x00005cf4, Max: 0x00010000, ABSOLUTE)

    Execution Region ER_IROM1 (Exec base: 0x08000000, Load base: 0x08000000, Size: 0x00005bf4, Max: 0x00010000, ABSOLUTE)

    Exec Addr    Load Addr    Size         Type   Attr      Idx    E Section Name        Object

    0x08000000   0x08000000   0x000000ec   Data   RO         4272    RESET               startup_stm32f10x_md.o
    0x080000ec   0x080000ec   0x00000008   Code   RO         4321  * !!!main             c_w.l(__main.o)
    0x080000f4   0x080000f4   0x00000034   Code   RO         4634    !!!scatter          c_w.l(__scatter.o)
    0x08000128   0x08000128   0x0000001a   Code   RO         4636    !!handler_copy      c_w.l(__scatter_copy.o)
    0x08000142   0x08000142   0x00000002   PAD
    0x08000144   0x08000144   0x0000001c   Code   RO         4638    !!handler_zi        c_w.l(__scatter_zi.o)
    0x08000160   0x08000160   0x00000002   Code   RO         4501    .ARM.Collect$$libinit$$00000000  c_w.l(libinit.o)
    0x08000162   0x08000162   0x00000000   Code   RO         4507    .ARM.Collect$$libinit$$00000002  c_w.l(libinit2.o)
    0x08000162   0x08000162   0x00000000   Code   RO         4509    .ARM.Collect$$libinit$$00000004  c_w.l(libinit2.o)
    0x08000162   0x08000162   0x00000000   Code   RO         4512    .ARM.Collect$$libinit$$0000000A  c_w.l(libinit2.o)
    0x08000162   0x08000162   0x00000000   Code   RO         4514    .ARM.Collect$$libinit$$0000000C  c_w.l(libinit2.o)
    0x08000162   0x08000162   0x00000000   Code   RO         4516    .ARM.Collect$$libinit$$0000000E  c_w.l(libinit2.o)
    0x08000162   0x08000162   0x00000000   Code   RO         4519    .ARM.Collect$$libinit$$00000011  c_w.l(libinit2.o)
    0x08000162   0x08000162   0x00000000   Code   RO         4521    .ARM.Collect$$libinit$$00000013  c_w.l(libinit2.o)
    0x08000162   0x08000162   0x00000000   Code   RO         4523    .ARM.Collect$$libinit$$00000015  c_w.l(libinit2.o)
    0x08000162   0x08000162   0x00000000   Code   RO         4525    .ARM.Collect$$libinit$$00000017  c_w.l(libinit2.o)
    0x08000162   0x08000162   0x00000000   Code   RO         4527    .ARM.Collect$$libinit$$00000019  c_w.l(libinit2.o)
    0x08000162   0x08000162   0x00000000   Code   RO         4529    .ARM.Collect$$libinit$$0000001B  c_w.l(libinit2.o)
    0x08000162   0x08000162   0x00000000   Code   RO         4531    .ARM.Collect$$libinit$$0000001D  c_w.l(libinit2.o)
    0x08000162   0x08000162   0x00000000   Code   RO         4533    .ARM.Collect$$libinit$$0000001F  c_w.l(libinit2.o)
    0x08000162   0x08000162   0x00000000   Code   RO         4535    .ARM.Collect$$libinit$$00000021  c_w.l(libinit2.o)
    0x08000162   0x08000162   0x00000000   Code   RO         4537    .ARM.Collect$$libinit$$00000023  c_w.l(libinit2.o)
    0x08000162   0x08000162   0x00000000   Code   RO         4539    .ARM.Collect$$libinit$$00000025  c_w.l(libinit2.o)
    0x08000162   0x08000162   0x00000000   Code   RO         4543    .ARM.Collect$$libinit$$0000002C  c_w.l(libinit2.o)
    0x08000162   0x08000162   0x00000000   Code   RO         4545    .ARM.Collect$$libinit$$0000002E  c_w.l(libinit2.o)
    0x08000162   0x08000162   0x00000000   Code   RO         4547    .ARM.Collect$$libinit$$00000030  c_w.l(libinit2.o)
    0x08000162   0x08000162   0x00000000   Code   RO         4549    .ARM.Collect$$libinit$$00000032  c_w.l(libinit2.o)
    0x08000162   0x08000162   0x00000002   Code   RO         4550    .ARM.Collect$$libinit$$00000033  c_w.l(libinit2.o)
    0x08000164   0x08000164   0x00000002   Code   RO         4574    .ARM.Collect$$libshutdown$$00000000  c_w.l(libshutdown.o)
    0x08000166   0x08000166   0x00000000   Code   RO         4587    .ARM.Collect$$libshutdown$$00000002  c_w.l(libshutdown2.o)
    0x08000166   0x08000166   0x00000000   Code   RO         4589    .ARM.Collect$$libshutdown$$00000004  c_w.l(libshutdown2.o)
    0x08000166   0x08000166   0x00000000   Code   RO         4592    .ARM.Collect$$libshutdown$$00000007  c_w.l(libshutdown2.o)
    0x08000166   0x08000166   0x00000000   Code   RO         4595    .ARM.Collect$$libshutdown$$0000000A  c_w.l(libshutdown2.o)
    0x08000166   0x08000166   0x00000000   Code   RO         4597    .ARM.Collect$$libshutdown$$0000000C  c_w.l(libshutdown2.o)
    0x08000166   0x08000166   0x00000000   Code   RO         4600    .ARM.Collect$$libshutdown$$0000000F  c_w.l(libshutdown2.o)
    0x08000166   0x08000166   0x00000002   Code   RO         4601    .ARM.Collect$$libshutdown$$00000010  c_w.l(libshutdown2.o)
    0x08000168   0x08000168   0x00000000   Code   RO         4419    .ARM.Collect$$rtentry$$00000000  c_w.l(__rtentry.o)
    0x08000168   0x08000168   0x00000000   Code   RO         4466    .ARM.Collect$$rtentry$$00000002  c_w.l(__rtentry2.o)
    0x08000168   0x08000168   0x00000006   Code   RO         4478    .ARM.Collect$$rtentry$$00000004  c_w.l(__rtentry4.o)
    0x0800016e   0x0800016e   0x00000000   Code   RO         4468    .ARM.Collect$$rtentry$$00000009  c_w.l(__rtentry2.o)
    0x0800016e   0x0800016e   0x00000004   Code   RO         4469    .ARM.Collect$$rtentry$$0000000A  c_w.l(__rtentry2.o)
    0x08000172   0x08000172   0x00000000   Code   RO         4471    .ARM.Collect$$rtentry$$0000000C  c_w.l(__rtentry2.o)
    0x08000172   0x08000172   0x00000008   Code   RO         4472    .ARM.Collect$$rtentry$$0000000D  c_w.l(__rtentry2.o)
    0x0800017a   0x0800017a   0x00000002   Code   RO         4504    .ARM.Collect$$rtexit$$00000000  c_w.l(rtexit.o)
    0x0800017c   0x0800017c   0x00000000   Code   RO         4554    .ARM.Collect$$rtexit$$00000002  c_w.l(rtexit2.o)
    0x0800017c   0x0800017c   0x00000004   Code   RO         4555    .ARM.Collect$$rtexit$$00000003  c_w.l(rtexit2.o)
    0x08000180   0x08000180   0x00000006   Code   RO         4556    .ARM.Collect$$rtexit$$00000004  c_w.l(rtexit2.o)
    0x08000186   0x08000186   0x00000002   PAD
    0x08000188   0x08000188   0x00000040   Code   RO         4273    .text               startup_stm32f10x_md.o
    0x080001c8   0x080001c8   0x0000004e   Code   RO         4315    .text               c_w.l(rt_memclr_w.o)
    0x08000216   0x08000216   0x00000006   Code   RO         4319    .text               c_w.l(heapauxi.o)
    0x0800021c   0x0800021c   0x00000016   Code   RO         4420    .text               c_w.l(_rserrno.o)
    0x08000232   0x08000232   0x00000002   PAD
    0x08000234   0x08000234   0x00000008   Code   RO         4483    .text               c_w.l(rt_errno_addr_intlibspace.o)
    0x0800023c   0x0800023c   0x00000008   Code   RO         4489    .text               c_w.l(libspace.o)
    0x08000244   0x08000244   0x0000004a   Code   RO         4492    .text               c_w.l(sys_stackheap_outer.o)
    0x0800028e   0x0800028e   0x00000012   Code   RO         4494    .text               c_w.l(exit.o)
    0x080002a0   0x080002a0   0x0000000c   Code   RO         4566    .text               c_w.l(sys_exit.o)
    0x080002ac   0x080002ac   0x00000002   Code   RO         4577    .text               c_w.l(use_no_semi.o)
    0x080002ae   0x080002ae   0x00000000   Code   RO         4579    .text               c_w.l(indicate_semi.o)
    0x080002ae   0x080002ae   0x00000016   Code   RO          701    i.ADC_Cmd           stm32f10x_adc.o
    0x080002c4   0x080002c4   0x00000016   Code   RO          702    i.ADC_DMACmd        stm32f10x_adc.o
    0x080002da   0x080002da   0x00000002   PAD
    0x080002dc   0x080002dc   0x00000100   Code   RO          251    i.ADC_DMA_Init      adc_dma.o
    0x080003dc   0x080003dc   0x00000014   Code   RO          709    i.ADC_GetCalibrationStatus  stm32f10x_adc.o
    0x080003f0   0x080003f0   0x00000014   Code   RO          715    i.ADC_GetResetCalibrationStatus  stm32f10x_adc.o
    0x08000404   0x08000404   0x00000050   Code   RO          719    i.ADC_Init          stm32f10x_adc.o
    0x08000454   0x08000454   0x000000b8   Code   RO          723    i.ADC_RegularChannelConfig  stm32f10x_adc.o
    0x0800050c   0x0800050c   0x0000000a   Code   RO          724    i.ADC_ResetCalibration  stm32f10x_adc.o
    0x08000516   0x08000516   0x00000016   Code   RO          726    i.ADC_SoftwareStartConvCmd  stm32f10x_adc.o
    0x0800052c   0x0800052c   0x0000000a   Code   RO          728    i.ADC_StartCalibration  stm32f10x_adc.o
    0x08000536   0x08000536   0x00000002   PAD
    0x08000538   0x08000538   0x00000124   Code   RO         3635    i.AttitudeToMotors  controller.o
    0x0800065c   0x0800065c   0x00000004   Code   RO          166    i.BusFault_Handler  stm32f10x_it.o
    0x08000660   0x08000660   0x0000007e   Code   RO         3779    i.CF_1st            filter.o
    0x080006de   0x080006de   0x0000001a   Code   RO         3780    i.CF_Factor_Cal     filter.o
    0x080006f8   0x080006f8   0x00000140   Code   RO         3929    i.CalibrateMPU6050  imu.o
    0x08000838   0x08000838   0x0000001c   Code   RO         3856    i.CheckSum          func.o
    0x08000854   0x08000854   0x00000160   Code   RO         3781    i.DCM_CF            filter.o
    0x080009b4   0x080009b4   0x00000018   Code   RO         1389    i.DMA_Cmd           stm32f10x_dma.o
    0x080009cc   0x080009cc   0x0000014c   Code   RO         1390    i.DMA_DeInit        stm32f10x_dma.o
    0x08000b18   0x08000b18   0x0000003c   Code   RO         1395    i.DMA_Init          stm32f10x_dma.o
    0x08000b54   0x08000b54   0x00000002   Code   RO          169    i.DebugMon_Handler  stm32f10x_it.o
    0x08000b56   0x08000b56   0x00000002   PAD
    0x08000b58   0x08000b58   0x00000058   Code   RO          275    i.EE_FindValidPage  eeprom.o
    0x08000bb0   0x08000bb0   0x0000003c   Code   RO          276    i.EE_Format         eeprom.o
    0x08000bec   0x08000bec   0x000001f8   Code   RO          277    i.EE_Init           eeprom.o
    0x08000de4   0x08000de4   0x000000f0   Code   RO          278    i.EE_PageTransfer   eeprom.o
    0x08000ed4   0x08000ed4   0x00000060   Code   RO          279    i.EE_ReadVariable   eeprom.o
    0x08000f34   0x08000f34   0x00000054   Code   RO         3857    i.EE_Read_ACC_GYRO_Offset  func.o
    0x08000f88   0x08000f88   0x00000128   Code   RO         3858    i.EE_Read_PID       func.o
    0x080010b0   0x080010b0   0x00000128   Code   RO         3859    i.EE_Read_Rate_PID  func.o
    0x080011d8   0x080011d8   0x0000006c   Code   RO          280    i.EE_VerifyPageFullWriteVariable  eeprom.o
    0x08001244   0x08001244   0x00000024   Code   RO          281    i.EE_WriteVariable  eeprom.o
    0x08001268   0x08001268   0x00000060   Code   RO         3860    i.EE_Write_ACC_GYRO_Offset  func.o
    0x080012c8   0x080012c8   0x00000114   Code   RO         3861    i.EE_Write_PID      func.o
    0x080013dc   0x080013dc   0x00000114   Code   RO         3862    i.EE_Write_Rate_PID  func.o
    0x080014f0   0x080014f0   0x0000000c   Code   RO         3930    i.EnableCalibration  imu.o
    0x080014fc   0x080014fc   0x0000004c   Code   RO         1518    i.FLASH_ErasePage   stm32f10x_flash.o
    0x08001548   0x08001548   0x00000034   Code   RO         1519    i.FLASH_GetBank1Status  stm32f10x_flash.o
    0x0800157c   0x0800157c   0x00000040   Code   RO         1531    i.FLASH_ProgramHalfWord  stm32f10x_flash.o
    0x080015bc   0x080015bc   0x00000018   Code   RO         1536    i.FLASH_Unlock      stm32f10x_flash.o
    0x080015d4   0x080015d4   0x00000026   Code   RO         1540    i.FLASH_WaitForLastOperation  stm32f10x_flash.o
    0x080015fa   0x080015fa   0x00000002   PAD
    0x080015fc   0x080015fc   0x0000001c   Code   RO         3782    i.FilterInit        filter.o
    0x08001618   0x08001618   0x00000040   Code   RO         4060    i.GPIO_Configuration  configer.o
    0x08001658   0x08001658   0x00000116   Code   RO         1816    i.GPIO_Init         stm32f10x_gpio.o
    0x0800176e   0x0800176e   0x00000002   PAD
    0x08001770   0x08001770   0x00000024   Code   RO          252    i.GetADCValue       adc_dma.o
    0x08001794   0x08001794   0x000000c0   Code   RO         3863    i.GetAccGyroOffset  func.o
    0x08001854   0x08001854   0x00000038   Code   RO         3931    i.GetDeltaT         imu.o
    0x0800188c   0x0800188c   0x000000d0   Code   RO         3932    i.GetEulerAngle     imu.o
    0x0800195c   0x0800195c   0x000000b0   Code   RO         3933    i.GetMPU6050Data    imu.o
    0x08001a0c   0x08001a0c   0x00000168   Code   RO         3636    i.GetPID            controller.o
    0x08001b74   0x08001b74   0x00000168   Code   RO         3637    i.GetRatePID        controller.o
    0x08001cdc   0x08001cdc   0x00000228   Code   RO         3864    i.GetState          func.o
    0x08001f04   0x08001f04   0x00000044   Code   RO         3743    i.GetSysTime_us     delay.o
    0x08001f48   0x08001f48   0x0000018c   Code   RO         3638    i.Getdesireddata    controller.o
    0x080020d4   0x080020d4   0x00000004   Code   RO          170    i.HardFault_Handler  stm32f10x_it.o
    0x080020d8   0x080020d8   0x0000004c   Code   RO          324    i.IIC_Ack           ioi2c.o
    0x08002124   0x08002124   0x00000040   Code   RO          325    i.IIC_Init          ioi2c.o
    0x08002164   0x08002164   0x0000004c   Code   RO          326    i.IIC_NAck          ioi2c.o
    0x080021b0   0x080021b0   0x00000070   Code   RO          327    i.IIC_Read_Byte     ioi2c.o
    0x08002220   0x08002220   0x00000064   Code   RO          328    i.IIC_Send_Byte     ioi2c.o
    0x08002284   0x08002284   0x0000004c   Code   RO          329    i.IIC_Start         ioi2c.o
    0x080022d0   0x080022d0   0x0000004c   Code   RO          330    i.IIC_Stop          ioi2c.o
    0x0800231c   0x0800231c   0x00000068   Code   RO          331    i.IIC_Wait_Ack      ioi2c.o
    0x08002384   0x08002384   0x00000064   Code   RO          333    i.IICreadBytes      ioi2c.o
    0x080023e8   0x080023e8   0x00000014   Code   RO          336    i.IICwriteByte      ioi2c.o
    0x080023fc   0x080023fc   0x00000046   Code   RO          337    i.IICwriteBytes     ioi2c.o
    0x08002442   0x08002442   0x00000002   PAD
    0x08002444   0x08002444   0x000000a4   Code   RO         4061    i.LED_Controls      configer.o
    0x080024e8   0x080024e8   0x00000030   Code   RO         3639    i.MOTORLimit        controller.o
    0x08002518   0x08002518   0x00000028   Code   RO          438    i.MPU6050_GPIO_Init  mpu6050.o
    0x08002540   0x08002540   0x00000012   Code   RO          439    i.MPU6050_getMotion  mpu6050.o
    0x08002552   0x08002552   0x0000004e   Code   RO          440    i.MPU6050_initialize  mpu6050.o
    0x080025a0   0x080025a0   0x00000004   Code   RO          171    i.MemManage_Handler  stm32f10x_it.o
    0x080025a4   0x080025a4   0x000000d8   Code   RO          419    i.Motor_Init        motor.o
    0x0800267c   0x0800267c   0x00000060   Code   RO          420    i.Motor_SetPwm      motor.o
    0x080026dc   0x080026dc   0x00000002   Code   RO          172    i.NMI_Handler       stm32f10x_it.o
    0x080026de   0x080026de   0x00000032   Code   RO         4062    i.NVIC_Configuration  configer.o
    0x08002710   0x08002710   0x00000070   Code   RO          659    i.NVIC_Init         misc.o
    0x08002780   0x08002780   0x00000014   Code   RO          660    i.NVIC_PriorityGroupConfig  misc.o
    0x08002794   0x08002794   0x00000014   Code   RO          661    i.NVIC_SetVectorTable  misc.o
    0x080027a8   0x080027a8   0x0000000c   Code   RO         3640    i.PIDINIT           controller.o
    0x080027b4   0x080027b4   0x00000002   Code   RO          173    i.PendSV_Handler    stm32f10x_it.o
    0x080027b6   0x080027b6   0x00000002   PAD
    0x080027b8   0x080027b8   0x00000020   Code   RO         2231    i.RCC_AHBPeriphClockCmd  stm32f10x_rcc.o
    0x080027d8   0x080027d8   0x00000020   Code   RO         2232    i.RCC_APB1PeriphClockCmd  stm32f10x_rcc.o
    0x080027f8   0x080027f8   0x00000020   Code   RO         2234    i.RCC_APB2PeriphClockCmd  stm32f10x_rcc.o
    0x08002818   0x08002818   0x0000000e   Code   RO         4063    i.RCC_Configuration  configer.o
    0x08002826   0x08002826   0x00000002   PAD
    0x08002828   0x08002828   0x000000d4   Code   RO         2242    i.RCC_GetClocksFreq  stm32f10x_rcc.o
    0x080028fc   0x080028fc   0x00000002   Code   RO          174    i.SVC_Handler       stm32f10x_it.o
    0x080028fe   0x080028fe   0x00000002   PAD
    0x08002900   0x08002900   0x00000070   Code   RO         3865    i.SetAccGyroOffset  func.o
    0x08002970   0x08002970   0x00000168   Code   RO         3641    i.SetPID            controller.o
    0x08002ad8   0x08002ad8   0x00000068   Code   RO         3642    i.SetPIDInit        controller.o
    0x08002b40   0x08002b40   0x00000168   Code   RO         3643    i.SetRatePID        controller.o
    0x08002ca8   0x08002ca8   0x00000074   Code   RO         3644    i.SetRatePIDInit    controller.o
    0x08002d1c   0x08002d1c   0x00000008   Code   RO         4236    i.SetSysClock       system_stm32f10x.o
    0x08002d24   0x08002d24   0x000000e0   Code   RO         4237    i.SetSysClockTo72   system_stm32f10x.o
    0x08002e04   0x08002e04   0x00000012   Code   RO          441    i.Single_WriteI2C   mpu6050.o
    0x08002e16   0x08002e16   0x00000002   PAD
    0x08002e18   0x08002e18   0x00000020   Code   RO          175    i.SysTick_Handler   stm32f10x_it.o
    0x08002e38   0x08002e38   0x00000060   Code   RO         4239    i.SystemInit        system_stm32f10x.o
    0x08002e98   0x08002e98   0x0000000c   Code   RO          176    i.TIM3_IRQHandler   stm32f10x_it.o
    0x08002ea4   0x08002ea4   0x00000018   Code   RO         2857    i.TIM_ARRPreloadConfig  stm32f10x_tim.o
    0x08002ebc   0x08002ebc   0x00000018   Code   RO         2869    i.TIM_Cmd           stm32f10x_tim.o
    0x08002ed4   0x08002ed4   0x00000098   Code   RO         2898    i.TIM_OC1Init       stm32f10x_tim.o
    0x08002f6c   0x08002f6c   0x00000012   Code   RO         2901    i.TIM_OC1PreloadConfig  stm32f10x_tim.o
    0x08002f7e   0x08002f7e   0x00000002   PAD
    0x08002f80   0x08002f80   0x000000a4   Code   RO         2903    i.TIM_OC2Init       stm32f10x_tim.o
    0x08003024   0x08003024   0x0000001a   Code   RO         2906    i.TIM_OC2PreloadConfig  stm32f10x_tim.o
    0x0800303e   0x0800303e   0x00000002   PAD
    0x08003040   0x08003040   0x000000a0   Code   RO         2908    i.TIM_OC3Init       stm32f10x_tim.o
    0x080030e0   0x080030e0   0x00000012   Code   RO         2911    i.TIM_OC3PreloadConfig  stm32f10x_tim.o
    0x080030f2   0x080030f2   0x00000002   PAD
    0x080030f4   0x080030f4   0x0000007c   Code   RO         2913    i.TIM_OC4Init       stm32f10x_tim.o
    0x08003170   0x08003170   0x0000001a   Code   RO         2915    i.TIM_OC4PreloadConfig  stm32f10x_tim.o
    0x0800318a   0x0800318a   0x00000002   PAD
    0x0800318c   0x0800318c   0x000000a4   Code   RO         2940    i.TIM_TimeBaseInit  stm32f10x_tim.o
    0x08003230   0x08003230   0x0000007c   Code   RO          575    i.USART1_Configuration  usart.o
    0x080032ac   0x080032ac   0x00000098   Code   RO         4162    i.USART1_IRQHandler  wifi.o
    0x08003344   0x08003344   0x000000a8   Code   RO         4163    i.USART2_IRQHandler  wifi.o
    0x080033ec   0x080033ec   0x00000012   Code   RO         3401    i.USART_ClearFlag   stm32f10x_usart.o
    0x080033fe   0x080033fe   0x00000018   Code   RO         3405    i.USART_Cmd         stm32f10x_usart.o
    0x08003416   0x08003416   0x0000001a   Code   RO         3408    i.USART_GetFlagStatus  stm32f10x_usart.o
    0x08003430   0x08003430   0x0000004a   Code   RO         3411    i.USART_ITConfig    stm32f10x_usart.o
    0x0800347a   0x0800347a   0x00000002   PAD
    0x0800347c   0x0800347c   0x000000d8   Code   RO         3412    i.USART_Init        stm32f10x_usart.o
    0x08003554   0x08003554   0x0000002a   Code   RO          577    i.USART_OUT         usart.o
    0x0800357e   0x0800357e   0x0000002e   Code   RO          578    i.USART_OUT1        usart.o
    0x080035ac   0x080035ac   0x00000008   Code   RO         3422    i.USART_SendData    stm32f10x_usart.o
    0x080035b4   0x080035b4   0x00000004   Code   RO          177    i.UsageFault_Handler  stm32f10x_it.o
    0x080035b8   0x080035b8   0x00000028   Code   RO         4164    i.WIFI_SendData     wifi.o
    0x080035e0   0x080035e0   0x00000044   Code   RO         4165    i.Wifi_handle       wifi.o
    0x08003624   0x08003624   0x00000026   Code   RO         4446    i.__ARM_fpclassifyf  m_ws.l(fpclassifyf.o)
    0x0800364a   0x0800364a   0x00000006   Code   RO         4449    i.__mathlib_flt_infnan  m_ws.l(funder.o)
    0x08003650   0x08003650   0x00000004   Code   RO         4450    i.__mathlib_flt_infnan2  m_ws.l(funder.o)
    0x08003654   0x08003654   0x00000008   Code   RO         4451    i.__mathlib_flt_invalid  m_ws.l(funder.o)
    0x0800365c   0x0800365c   0x0000000a   Code   RO         4454    i.__mathlib_flt_underflow  m_ws.l(funder.o)
    0x08003666   0x08003666   0x00000002   PAD
    0x08003668   0x08003668   0x00000168   Code   RO         4462    i.__mathlib_rredf2  m_ws.l(rredf.o)
    0x080037d0   0x080037d0   0x0000025c   Code   RO         4388    i.atan2f            m_ws.l(atan2f.o)
    0x08003a2c   0x08003a2c   0x000000c8   Code   RO         3645    i.controllerCorrectAttitudePID  controller.o
    0x08003af4   0x08003af4   0x000000c0   Code   RO         3646    i.controllerCorrectRatePID  controller.o
    0x08003bb4   0x08003bb4   0x00000124   Code   RO         3648    i.controllerInit    controller.o
    0x08003cd8   0x08003cd8   0x0000017c   Code   RO         4396    i.cosf              m_ws.l(cosf.o)
    0x08003e54   0x08003e54   0x00000024   Code   RO         3744    i.cycleCounterInit  delay.o
    0x08003e78   0x08003e78   0x00000014   Code   RO         3783    i.degrees           filter.o
    0x08003e8c   0x08003e8c   0x00000022   Code   RO         3745    i.delay_ms          delay.o
    0x08003eae   0x08003eae   0x0000001c   Code   RO         3746    i.delay_us          delay.o
    0x08003eca   0x08003eca   0x00000002   PAD
    0x08003ecc   0x08003ecc   0x00000070   Code   RO         3650    i.distributePower   controller.o
    0x08003f3c   0x08003f3c   0x00000238   Code   RO         3784    i.from_euler        filter.o
    0x08004174   0x08004174   0x00000058   Code   RO         3785    i.get_rollpitch     filter.o
    0x080041cc   0x080041cc   0x00000032   Code   RO         3787    i.iirLPFilterSingle  filter.o
    0x080041fe   0x080041fe   0x00000038   Code   RO         3788    i.imuAccIIRLPFilter  filter.o
    0x08004236   0x08004236   0x00000002   PAD
    0x08004238   0x08004238   0x000000b8   Code   RO            1    i.main              main.o
    0x080042f0   0x080042f0   0x00000210   Code   RO         4093    i.motorcontorller_init  motorcontroller.o
    0x08004500   0x08004500   0x0000001c   Code   RO         3977    i.pidInit           pid.o
    0x0800451c   0x0800451c   0x00000004   Code   RO         3980    i.pidSetDesired     pid.o
    0x08004520   0x08004520   0x00000004   Code   RO         3982    i.pidSetError       pid.o
    0x08004524   0x08004524   0x00000004   Code   RO         3983    i.pidSetIntegralLimit  pid.o
    0x08004528   0x08004528   0x00000004   Code   RO         3984    i.pidSetIntegralLimitLow  pid.o
    0x0800452c   0x0800452c   0x000000a0   Code   RO         3988    i.pidUpdate         pid.o
    0x080045cc   0x080045cc   0x00000188   Code   RO         4404    i.sinf              m_ws.l(sinf.o)
    0x08004754   0x08004754   0x0000002c   Code   RO         4412    i.sqrtf             m_ws.l(sqrtf.o)
    0x08004780   0x08004780   0x000000ac   Code   RO          583    i.uart2_init        usart.o
    0x0800482c   0x0800482c   0x00000062   Code   RO         4323    x$fpl$d2f           fz_ws.l(d2f.o)
    0x0800488e   0x0800488e   0x00000002   PAD
    0x08004890   0x08004890   0x00000150   Code   RO         4325    x$fpl$dadd          fz_ws.l(daddsub_clz.o)
    0x080049e0   0x080049e0   0x00000018   Code   RO         4429    x$fpl$dcmpinf       fz_ws.l(dcmpi.o)
    0x080049f8   0x080049f8   0x000002b0   Code   RO         4332    x$fpl$ddiv          fz_ws.l(ddiv.o)
    0x08004ca8   0x08004ca8   0x0000005e   Code   RO         4335    x$fpl$dfix          fz_ws.l(dfix.o)
    0x08004d06   0x08004d06   0x00000002   PAD
    0x08004d08   0x08004d08   0x0000005a   Code   RO         4339    x$fpl$dfixu         fz_ws.l(dfixu.o)
    0x08004d62   0x08004d62   0x0000002e   Code   RO         4344    x$fpl$dflt          fz_ws.l(dflt_clz.o)
    0x08004d90   0x08004d90   0x00000026   Code   RO         4343    x$fpl$dfltu         fz_ws.l(dflt_clz.o)
    0x08004db6   0x08004db6   0x00000002   PAD
    0x08004db8   0x08004db8   0x00000078   Code   RO         4349    x$fpl$dleqf         fz_ws.l(dleqf.o)
    0x08004e30   0x08004e30   0x00000154   Code   RO         4351    x$fpl$dmul          fz_ws.l(dmul.o)
    0x08004f84   0x08004f84   0x0000009c   Code   RO         4431    x$fpl$dnaninf       fz_ws.l(dnaninf.o)
    0x08005020   0x08005020   0x0000000c   Code   RO         4433    x$fpl$dretinf       fz_ws.l(dretinf.o)
    0x0800502c   0x0800502c   0x0000006c   Code   RO         4353    x$fpl$drleqf        fz_ws.l(drleqf.o)
    0x08005098   0x08005098   0x000001d4   Code   RO         4327    x$fpl$dsub          fz_ws.l(daddsub_clz.o)
    0x0800526c   0x0800526c   0x00000056   Code   RO         4355    x$fpl$f2d           fz_ws.l(f2d.o)
    0x080052c2   0x080052c2   0x00000002   PAD
    0x080052c4   0x080052c4   0x000000c4   Code   RO         4357    x$fpl$fadd          fz_ws.l(faddsub_clz.o)
    0x08005388   0x08005388   0x0000000c   Code   RO         4502    x$fpl$fcheck1       fz_ws.l(fcheck1.o)
    0x08005394   0x08005394   0x00000018   Code   RO         4435    x$fpl$fcmpinf       fz_ws.l(fcmpi.o)
    0x080053ac   0x080053ac   0x00000184   Code   RO         4364    x$fpl$fdiv          fz_ws.l(fdiv.o)
    0x08005530   0x08005530   0x00000036   Code   RO         4367    x$fpl$ffix          fz_ws.l(ffix.o)
    0x08005566   0x08005566   0x00000002   PAD
    0x08005568   0x08005568   0x0000003e   Code   RO         4371    x$fpl$ffixu         fz_ws.l(ffixu.o)
    0x080055a6   0x080055a6   0x00000002   PAD
    0x080055a8   0x080055a8   0x00000030   Code   RO         4376    x$fpl$fflt          fz_ws.l(fflt_clz.o)
    0x080055d8   0x080055d8   0x00000026   Code   RO         4375    x$fpl$ffltu         fz_ws.l(fflt_clz.o)
    0x080055fe   0x080055fe   0x00000002   PAD
    0x08005600   0x08005600   0x00000068   Code   RO         4381    x$fpl$fleqf         fz_ws.l(fleqf.o)
    0x08005668   0x08005668   0x00000102   Code   RO         4383    x$fpl$fmul          fz_ws.l(fmul.o)
    0x0800576a   0x0800576a   0x0000008c   Code   RO         4437    x$fpl$fnaninf       fz_ws.l(fnaninf.o)
    0x080057f6   0x080057f6   0x0000000a   Code   RO         4439    x$fpl$fretinf       fz_ws.l(fretinf.o)
    0x08005800   0x08005800   0x00000062   Code   RO         4385    x$fpl$frleqf        fz_ws.l(frleqf.o)
    0x08005862   0x08005862   0x00000002   PAD
    0x08005864   0x08005864   0x00000060   Code   RO         4441    x$fpl$frnd          fz_ws.l(frnd.o)
    0x080058c4   0x080058c4   0x00000014   Code   RO         4358    x$fpl$frsb          fz_ws.l(faddsub_clz.o)
    0x080058d8   0x080058d8   0x00000110   Code   RO         4443    x$fpl$fsqrt         fz_ws.l(fsqrt.o)
    0x080059e8   0x080059e8   0x000000ea   Code   RO         4359    x$fpl$fsub          fz_ws.l(faddsub_clz.o)
    0x08005ad2   0x08005ad2   0x00000064   Code   RO         4551    x$fpl$retnan        fz_ws.l(retnan.o)
    0x08005b36   0x08005b36   0x0000004c   Code   RO         4487    x$fpl$scalbnf       fz_ws.l(scalbnf.o)
    0x08005b82   0x08005b82   0x00000030   Code   RO         4564    x$fpl$trapveneer    fz_ws.l(trapv.o)
    0x08005bb2   0x08005bb2   0x00000000   Code   RO         4445    x$fpl$usenofp       fz_ws.l(usenofp.o)
    0x08005bb2   0x08005bb2   0x00000002   PAD
    0x08005bb4   0x08005bb4   0x00000020   Data   RO         4463    .constdata          m_ws.l(rredf.o)
    0x08005bd4   0x08005bd4   0x00000020   Data   RO         4632    Region$$Table       anon$$obj.o


    Execution Region RW_IRAM1 (Exec base: 0x20000000, Load base: 0x08005bf4, Size: 0x00001040, Max: 0x00005000, ABSOLUTE)

    Exec Addr    Load Addr    Size         Type   Attr      Idx    E Section Name        Object

    0x20000000   0x08005bf4   0x00000002   Data   RW          282    .data               eeprom.o
    0x20000002   0x08005bf6   0x00000014   Data   RW         2262    .data               stm32f10x_rcc.o
    0x20000016   0x08005c0a   0x00000002   PAD
    0x20000018   0x08005c0c   0x00000042   Data   RW         3652    .data               controller.o
    0x2000005a   0x08005c4e   0x00000002   PAD
    0x2000005c   0x08005c50   0x0000000c   Data   RW         3747    .data               delay.o
    0x20000068   0x08005c5c   0x0000001c   Data   RW         3790    .data               filter.o
    0x20000084   0x08005c78   0x00000030   Data   RW         3866    .data               func.o
    0x200000b4   0x08005ca8   0x0000002c   Data   RW         3935    .data               imu.o
    0x200000e0   0x08005cd4   0x0000000a   Data   RW         4168    .data               wifi.o
    0x200000ea   0x08005cde   0x00000002   PAD
    0x200000ec   0x08005ce0   0x00000014   Data   RW         4240    .data               system_stm32f10x.o
    0x20000100        -       0x00000014   Zero   RW          253    .bss                adc_dma.o
    0x20000114        -       0x00000150   Zero   RW         3651    .bss                controller.o
    0x20000264        -       0x00000024   Zero   RW         3789    .bss                filter.o
    0x20000288        -       0x00000034   Zero   RW         3934    .bss                imu.o
    0x200002bc        -       0x00000720   Zero   RW         4167    .bss                wifi.o
    0x200009dc        -       0x00000060   Zero   RW         4490    .bss                c_w.l(libspace.o)
    0x20000a3c   0x08005cf4   0x00000004   PAD
    0x20000a40        -       0x00000200   Zero   RW         4271    HEAP                startup_stm32f10x_md.o
    0x20000c40        -       0x00000400   Zero   RW         4270    STACK               startup_stm32f10x_md.o


==============================================================================

Image component sizes


      Code (inc. data)   RO Data    RW Data    ZI Data      Debug   Object Name

       292         22          0          0         20       1949   adc_dma.o
       292          8          0          0          0       2261   configer.o
      3204        408          0         66        336      11628   controller.o
         0          0          0          0          0         32   core_cm3.o
       166         20          0         12          0       2990   delay.o
      1132         62          0          2          0       6909   eeprom.o
      1314         62          0         28         36       6726   filter.o
      2208        170          0         48          0       6929   func.o
       772         90          0         44         52       4927   imu.o
       874         94          0          0          0       7192   ioi2c.o
       184         14          0          0          0     295109   main.o
       152         30          0          0          0       2161   misc.o
       312         20          0          0          0       1464   motor.o
       528         34          0          0          0       1019   motorcontroller.o
       154          6          0          0          0       2663   mpu6050.o
       204          6          0          0          0       4131   pid.o
        64         26        236          0       1536        844   startup_stm32f10x_md.o
       390         10          0          0          0       7657   stm32f10x_adc.o
       416          8          0          0          0       3514   stm32f10x_dma.o
       254         24          0          0          0       3105   stm32f10x_flash.o
       278          0          0          0          0       2004   stm32f10x_gpio.o
        68         16          0          0          0       4660   stm32f10x_it.o
       308         38          0         20          0       5166   stm32f10x_rcc.o
       900         92          0          0          0       7836   stm32f10x_tim.o
       366          6          0          0          0       5591   stm32f10x_usart.o
       328         28          0         20          0       2413   system_stm32f10x.o
       384         18          0          0          0       3161   usart.o
       428         40          0         10       1824       3972   wifi.o

    ----------------------------------------------------------------------
     16006       1352        268        256       3804     408013   Object Totals
         0          0         32          0          0          0   (incl. Generated)
        34          0          0          6          0          0   (incl. Padding)

    ----------------------------------------------------------------------

      Code (inc. data)   RO Data    RW Data    ZI Data      Debug   Library Member Name

         8          0          0          0          0         68   __main.o
         0          0          0          0          0          0   __rtentry.o
        12          0          0          0          0          0   __rtentry2.o
         6          0          0          0          0          0   __rtentry4.o
        52          8          0          0          0          0   __scatter.o
        26          0          0          0          0          0   __scatter_copy.o
        28          0          0          0          0          0   __scatter_zi.o
        22          0          0          0          0        100   _rserrno.o
        18          0          0          0          0         80   exit.o
         6          0          0          0          0        152   heapauxi.o
         0          0          0          0          0          0   indicate_semi.o
         2          0          0          0          0          0   libinit.o
         2          0          0          0          0          0   libinit2.o
         2          0          0          0          0          0   libshutdown.o
         2          0          0          0          0          0   libshutdown2.o
         8          4          0          0         96         68   libspace.o
         8          4          0          0          0         68   rt_errno_addr_intlibspace.o
        78          0          0          0          0         80   rt_memclr_w.o
         2          0          0          0          0          0   rtexit.o
        10          0          0          0          0          0   rtexit2.o
        12          4          0          0          0         68   sys_exit.o
        74          0          0          0          0         80   sys_stackheap_outer.o
         2          0          0          0          0         68   use_no_semi.o
        98          4          0          0          0         92   d2f.o
       804         16          0          0          0        272   daddsub_clz.o
        24          0          0          0          0         68   dcmpi.o
       688        140          0          0          0        208   ddiv.o
        94          4          0          0          0         92   dfix.o
        90          4          0          0          0         92   dfixu.o
        84          0          0          0          0        136   dflt_clz.o
       120          4          0          0          0         92   dleqf.o
       340         12          0          0          0        104   dmul.o
       156          4          0          0          0         92   dnaninf.o
        12          0          0          0          0         68   dretinf.o
       108          0          0          0          0         80   drleqf.o
        86          4          0          0          0         84   f2d.o
       450          8          0          0          0        236   faddsub_clz.o
        12          4          0          0          0         68   fcheck1.o
        24          0          0          0          0         68   fcmpi.o
       388         76          0          0          0         96   fdiv.o
        54          4          0          0          0         84   ffix.o
        62          4          0          0          0         84   ffixu.o
        86          0          0          0          0        136   fflt_clz.o
       104          4          0          0          0         84   fleqf.o
       258          4          0          0          0         84   fmul.o
       140          4          0          0          0         84   fnaninf.o
        10          0          0          0          0         68   fretinf.o
        98          0          0          0          0         68   frleqf.o
        96          4          0          0          0         76   frnd.o
       272        100          0          0          0         88   fsqrt.o
       100          0          0          0          0         68   retnan.o
        76          0          0          0          0         68   scalbnf.o
        48          0          0          0          0         68   trapv.o
         0          0          0          0          0          0   usenofp.o
       604         76          0          0          0        116   atan2f.o
       380         52          0          0          0        124   cosf.o
        38          0          0          0          0         68   fpclassifyf.o
        28          0          0          0          0        272   funder.o
       360         16         32          0          0         88   rredf.o
       392         54          0          0          0        124   sinf.o
        44          0          0          0          0         80   sqrtf.o

    ----------------------------------------------------------------------
      7234        622         32          0        100       4712   Library Totals
        26          0          0          0          4          0   (incl. Padding)

    ----------------------------------------------------------------------

      Code (inc. data)   RO Data    RW Data    ZI Data      Debug   Library Name

       380         20          0          0         96        832   c_w.l
      4982        404          0          0          0       3008   fz_ws.l
      1846        198         32          0          0        872   m_ws.l

    ----------------------------------------------------------------------
      7234        622         32          0        100       4712   Library Totals

    ----------------------------------------------------------------------

==============================================================================


      Code (inc. data)   RO Data    RW Data    ZI Data      Debug   

     23240       1974        300        256       3904     402893   Grand Totals
     23240       1974        300        256       3904     402893   ELF Image Totals
     23240       1974        300        256          0          0   ROM Totals

==============================================================================

    Total RO  Size (Code + RO Data)                23540 (  22.99kB)
    Total RW  Size (RW Data + ZI Data)              4160 (   4.06kB)
    Total ROM Size (Code + RO Data + RW Data)      23796 (  23.24kB)

==============================================================================

